Jan 21 09:51:44 cu-cs-vm rsyslogd: [origin software="rsyslogd" swVersion="7.4.4" x-pid="777" x-info="http://www.rsyslog.com"] rsyslogd was HUPed
Jan 21 09:52:26 cu-cs-vm anacron[989]: Job `cron.daily' terminated
Jan 21 09:52:26 cu-cs-vm anacron[989]: Normal exit (1 job run)
Jan 21 09:53:45 cu-cs-vm uptimed: moving up to position 4: 0 days, 00:31:13
Jan 21 09:56:01 cu-cs-vm kernel: [ 2008.543469] SGI XFS with ACLs, security attributes, realtime, large block/inode numbers, no debug enabled
Jan 21 09:56:01 cu-cs-vm kernel: [ 2008.575865] JFS: nTxBlock = 8192, nTxLock = 65536
Jan 21 09:56:01 cu-cs-vm kernel: [ 2008.600380] NTFS driver 2.1.30 [Flags: R/O MODULE].
Jan 21 09:56:01 cu-cs-vm kernel: [ 2008.629939] QNX4 filesystem 0.2.3 registered.
Jan 21 09:58:02 cu-cs-vm rsyslogd: [origin software="rsyslogd" swVersion="7.4.4" x-pid="777" x-info="http://www.rsyslog.com"] exiting on signal 15.
Jan 21 19:02:19 cu-cs-vm rsyslogd: [origin software="rsyslogd" swVersion="7.4.4" x-pid="725" x-info="http://www.rsyslog.com"] start
Jan 21 19:02:19 cu-cs-vm rsyslogd: rsyslogd's groupid changed to 104
Jan 21 19:02:19 cu-cs-vm rsyslogd: rsyslogd's userid changed to 101
Jan 21 19:02:19 cu-cs-vm kernel: [    0.000000] Initializing cgroup subsys cpuset
Jan 21 19:02:19 cu-cs-vm kernel: [    0.000000] Initializing cgroup subsys cpu
Jan 21 19:02:19 cu-cs-vm kernel: [    0.000000] Initializing cgroup subsys cpuacct
Jan 21 19:02:19 cu-cs-vm kernel: [    0.000000] Linux version 3.13.11-ckt13revision2 (root@cu-cs-vm) (gcc version 4.8.2 (Ubuntu 4.8.2-19ubuntu1) ) #1 SMP Wed Jan 21 09:30:44 MST 2015 (Ubuntu 3.13.0-44.73-generic 3.13.11-ckt12)
Jan 21 19:02:19 cu-cs-vm kernel: [    0.000000] Command line: BOOT_IMAGE=/@/boot/vmlinuz-3.13.11-ckt13revision2 root=UUID=4d4d4956-efb6-4c5c-9455-e11d9e4726c6 ro rootflags=subvol=@ crashkernel=384M-:128M
Jan 21 19:02:19 cu-cs-vm kernel: [    0.000000] KERNEL supported cpus:
Jan 21 19:02:19 cu-cs-vm kernel: [    0.000000]   Intel GenuineIntel
Jan 21 19:02:19 cu-cs-vm kernel: [    0.000000]   AMD AuthenticAMD
Jan 21 19:02:19 cu-cs-vm kernel: [    0.000000]   Centaur CentaurHauls
Jan 21 19:02:19 cu-cs-vm kernel: [    0.000000] e820: BIOS-provided physical RAM map:
Jan 21 19:02:19 cu-cs-vm kernel: [    0.000000] BIOS-e820: [mem 0x0000000000000000-0x000000000009fbff] usable
Jan 21 19:02:19 cu-cs-vm kernel: [    0.000000] BIOS-e820: [mem 0x000000000009fc00-0x000000000009ffff] reserved
Jan 21 19:02:19 cu-cs-vm kernel: [    0.000000] BIOS-e820: [mem 0x00000000000f0000-0x00000000000fffff] reserved
Jan 21 19:02:19 cu-cs-vm kernel: [    0.000000] BIOS-e820: [mem 0x0000000000100000-0x00000000dbfeffff] usable
Jan 21 19:02:19 cu-cs-vm kernel: [    0.000000] BIOS-e820: [mem 0x00000000dbff0000-0x00000000dbffffff] ACPI data
Jan 21 19:02:19 cu-cs-vm kernel: [    0.000000] BIOS-e820: [mem 0x00000000fffc0000-0x00000000ffffffff] reserved
Jan 21 19:02:19 cu-cs-vm kernel: [    0.000000] BIOS-e820: [mem 0x0000000100000000-0x0000000223ffffff] usable
Jan 21 19:02:19 cu-cs-vm kernel: [    0.000000] NX (Execute Disable) protection: active
Jan 21 19:02:19 cu-cs-vm kernel: [    0.000000] SMBIOS 2.5 present.
Jan 21 19:02:19 cu-cs-vm kernel: [    0.000000] DMI: innotek GmbH VirtualBox/VirtualBox, BIOS VirtualBox 12/01/2006
Jan 21 19:02:19 cu-cs-vm kernel: [    0.000000] e820: update [mem 0x00000000-0x00000fff] usable ==> reserved
Jan 21 19:02:19 cu-cs-vm kernel: [    0.000000] e820: remove [mem 0x000a0000-0x000fffff] usable
Jan 21 19:02:19 cu-cs-vm kernel: [    0.000000] No AGP bridge found
Jan 21 19:02:19 cu-cs-vm kernel: [    0.000000] e820: last_pfn = 0x224000 max_arch_pfn = 0x400000000
Jan 21 19:02:19 cu-cs-vm kernel: [    0.000000] MTRR default type: uncachable
Jan 21 19:02:19 cu-cs-vm kernel: [    0.000000] MTRR variable ranges disabled:
Jan 21 19:02:19 cu-cs-vm kernel: [    0.000000] x86 PAT enabled: cpu 0, old 0x7040600070406, new 0x7010600070106
Jan 21 19:02:19 cu-cs-vm kernel: [    0.000000] CPU MTRRs all blank - virtualized system.
Jan 21 19:02:19 cu-cs-vm kernel: [    0.000000] e820: last_pfn = 0xdbff0 max_arch_pfn = 0x400000000
Jan 21 19:02:19 cu-cs-vm kernel: [    0.000000] found SMP MP-table at [mem 0x0009fff0-0x0009ffff] mapped at [ffff88000009fff0]
Jan 21 19:02:19 cu-cs-vm kernel: [    0.000000] Scanning 1 areas for low memory corruption
Jan 21 19:02:19 cu-cs-vm kernel: [    0.000000] Base memory trampoline at [ffff880000099000] 99000 size 24576
Jan 21 19:02:19 cu-cs-vm kernel: [    0.000000] init_memory_mapping: [mem 0x00000000-0x000fffff]
Jan 21 19:02:19 cu-cs-vm kernel: [    0.000000]  [mem 0x00000000-0x000fffff] page 4k
Jan 21 19:02:19 cu-cs-vm kernel: [    0.000000] BRK [0x01fdb000, 0x01fdbfff] PGTABLE
Jan 21 19:02:19 cu-cs-vm kernel: [    0.000000] BRK [0x01fdc000, 0x01fdcfff] PGTABLE
Jan 21 19:02:19 cu-cs-vm kernel: [    0.000000] BRK [0x01fdd000, 0x01fddfff] PGTABLE
Jan 21 19:02:19 cu-cs-vm kernel: [    0.000000] init_memory_mapping: [mem 0x223e00000-0x223ffffff]
Jan 21 19:02:19 cu-cs-vm kernel: [    0.000000]  [mem 0x223e00000-0x223ffffff] page 2M
Jan 21 19:02:19 cu-cs-vm kernel: [    0.000000] BRK [0x01fde000, 0x01fdefff] PGTABLE
Jan 21 19:02:19 cu-cs-vm kernel: [    0.000000] init_memory_mapping: [mem 0x220000000-0x223dfffff]
Jan 21 19:02:19 cu-cs-vm kernel: [    0.000000]  [mem 0x220000000-0x223dfffff] page 2M
Jan 21 19:02:19 cu-cs-vm kernel: [    0.000000] init_memory_mapping: [mem 0x200000000-0x21fffffff]
Jan 21 19:02:19 cu-cs-vm kernel: [    0.000000]  [mem 0x200000000-0x21fffffff] page 2M
Jan 21 19:02:19 cu-cs-vm kernel: [    0.000000] init_memory_mapping: [mem 0x00100000-0xdbfeffff]
Jan 21 19:02:19 cu-cs-vm kernel: [    0.000000]  [mem 0x00100000-0x001fffff] page 4k
Jan 21 19:02:19 cu-cs-vm kernel: [    0.000000]  [mem 0x00200000-0xdbdfffff] page 2M
Jan 21 19:02:19 cu-cs-vm kernel: [    0.000000]  [mem 0xdbe00000-0xdbfeffff] page 4k
Jan 21 19:02:19 cu-cs-vm kernel: [    0.000000] init_memory_mapping: [mem 0x100000000-0x1ffffffff]
Jan 21 19:02:19 cu-cs-vm kernel: [    0.000000]  [mem 0x100000000-0x1ffffffff] page 2M
Jan 21 19:02:19 cu-cs-vm kernel: [    0.000000] BRK [0x01fdf000, 0x01fdffff] PGTABLE
Jan 21 19:02:19 cu-cs-vm kernel: [    0.000000] BRK [0x01fe0000, 0x01fe0fff] PGTABLE
Jan 21 19:02:19 cu-cs-vm kernel: [    0.000000] RAMDISK: [mem 0x36bf2000-0x375f0fff]
Jan 21 19:02:19 cu-cs-vm kernel: [    0.000000] ACPI: RSDP 00000000000e0000 000024 (v02 VBOX  )
Jan 21 19:02:19 cu-cs-vm kernel: [    0.000000] ACPI: XSDT 00000000dbff0040 00004C (v01 VBOX   VBOXXSDT 00000001 ASL  00000061)
Jan 21 19:02:19 cu-cs-vm kernel: [    0.000000] ACPI: FACP 00000000dbff0110 0000F4 (v04 VBOX   VBOXFACP 00000001 ASL  00000061)
Jan 21 19:02:19 cu-cs-vm kernel: [    0.000000] ACPI: DSDT 00000000dbff0540 001B96 (v01 VBOX   VBOXBIOS 00000002 INTL 20100528)
Jan 21 19:02:19 cu-cs-vm kernel: [    0.000000] ACPI: FACS 00000000dbff0240 000040
Jan 21 19:02:19 cu-cs-vm kernel: [    0.000000] ACPI: APIC 00000000dbff0280 00006C (v02 VBOX   VBOXAPIC 00000001 ASL  00000061)
Jan 21 19:02:19 cu-cs-vm kernel: [    0.000000] ACPI: HPET 00000000dbff02f0 000038 (v01 VBOX   VBOXHPET 00000001 ASL  00000061)
Jan 21 19:02:19 cu-cs-vm kernel: [    0.000000] ACPI: MCFG 00000000dbff0330 00003C (v01 VBOX   VBOXMCFG 00000001 ASL  00000061)
Jan 21 19:02:19 cu-cs-vm kernel: [    0.000000] ACPI: SSDT 00000000dbff0370 0001CC (v01 VBOX   VBOXCPUT 00000002 INTL 20100528)
Jan 21 19:02:19 cu-cs-vm kernel: [    0.000000] ACPI: Local APIC address 0xfee00000
Jan 21 19:02:19 cu-cs-vm kernel: [    0.000000] No NUMA configuration found
Jan 21 19:02:19 cu-cs-vm kernel: [    0.000000] Faking a node at [mem 0x0000000000000000-0x0000000223ffffff]
Jan 21 19:02:19 cu-cs-vm kernel: [    0.000000] Initmem setup node 0 [mem 0x00000000-0x223ffffff]
Jan 21 19:02:19 cu-cs-vm kernel: [    0.000000]   NODE_DATA [mem 0x223ff5000-0x223ff9fff]
Jan 21 19:02:19 cu-cs-vm kernel: [    0.000000] Reserving 128MB of memory at 736MB for crashkernel (System RAM: 8191MB)
Jan 21 19:02:19 cu-cs-vm kernel: [    0.000000]  [ffffea0000000000-ffffea00089fffff] PMD -> [ffff88021b400000-ffff8802235fffff] on node 0
Jan 21 19:02:19 cu-cs-vm kernel: [    0.000000] Zone ranges:
Jan 21 19:02:19 cu-cs-vm kernel: [    0.000000]   DMA      [mem 0x00001000-0x00ffffff]
Jan 21 19:02:19 cu-cs-vm kernel: [    0.000000]   DMA32    [mem 0x01000000-0xffffffff]
Jan 21 19:02:19 cu-cs-vm kernel: [    0.000000]   Normal   [mem 0x100000000-0x223ffffff]
Jan 21 19:02:19 cu-cs-vm kernel: [    0.000000] Movable zone start for each node
Jan 21 19:02:19 cu-cs-vm kernel: [    0.000000] Early memory node ranges
Jan 21 19:02:19 cu-cs-vm kernel: [    0.000000]   node   0: [mem 0x00001000-0x0009efff]
Jan 21 19:02:19 cu-cs-vm kernel: [    0.000000]   node   0: [mem 0x00100000-0xdbfeffff]
Jan 21 19:02:19 cu-cs-vm kernel: [    0.000000]   node   0: [mem 0x100000000-0x223ffffff]
Jan 21 19:02:19 cu-cs-vm kernel: [    0.000000] On node 0 totalpages: 2097038
Jan 21 19:02:19 cu-cs-vm kernel: [    0.000000]   DMA zone: 64 pages used for memmap
Jan 21 19:02:19 cu-cs-vm kernel: [    0.000000]   DMA zone: 21 pages reserved
Jan 21 19:02:19 cu-cs-vm kernel: [    0.000000]   DMA zone: 3998 pages, LIFO batch:0
Jan 21 19:02:19 cu-cs-vm kernel: [    0.000000]   DMA32 zone: 14016 pages used for memmap
Jan 21 19:02:19 cu-cs-vm kernel: [    0.000000]   DMA32 zone: 897008 pages, LIFO batch:31
Jan 21 19:02:19 cu-cs-vm kernel: [    0.000000]   Normal zone: 18688 pages used for memmap
Jan 21 19:02:19 cu-cs-vm kernel: [    0.000000]   Normal zone: 1196032 pages, LIFO batch:31
Jan 21 19:02:19 cu-cs-vm kernel: [    0.000000] ACPI: PM-Timer IO Port: 0x4008
Jan 21 19:02:19 cu-cs-vm kernel: [    0.000000] ACPI: Local APIC address 0xfee00000
Jan 21 19:02:19 cu-cs-vm kernel: [    0.000000] ACPI: LAPIC (acpi_id[0x00] lapic_id[0x00] enabled)
Jan 21 19:02:19 cu-cs-vm kernel: [    0.000000] ACPI: LAPIC (acpi_id[0x01] lapic_id[0x01] enabled)
Jan 21 19:02:19 cu-cs-vm kernel: [    0.000000] ACPI: LAPIC (acpi_id[0x02] lapic_id[0x02] enabled)
Jan 21 19:02:19 cu-cs-vm kernel: [    0.000000] ACPI: LAPIC (acpi_id[0x03] lapic_id[0x03] enabled)
Jan 21 19:02:19 cu-cs-vm kernel: [    0.000000] ACPI: IOAPIC (id[0x04] address[0xfec00000] gsi_base[0])
Jan 21 19:02:19 cu-cs-vm kernel: [    0.000000] IOAPIC[0]: apic_id 4, version 17, address 0xfec00000, GSI 0-23
Jan 21 19:02:19 cu-cs-vm kernel: [    0.000000] ACPI: INT_SRC_OVR (bus 0 bus_irq 0 global_irq 2 dfl dfl)
Jan 21 19:02:19 cu-cs-vm kernel: [    0.000000] ACPI: INT_SRC_OVR (bus 0 bus_irq 9 global_irq 9 high level)
Jan 21 19:02:19 cu-cs-vm kernel: [    0.000000] ACPI: IRQ0 used by override.
Jan 21 19:02:19 cu-cs-vm kernel: [    0.000000] ACPI: IRQ2 used by override.
Jan 21 19:02:19 cu-cs-vm kernel: [    0.000000] ACPI: IRQ9 used by override.
Jan 21 19:02:19 cu-cs-vm kernel: [    0.000000] Using ACPI (MADT) for SMP configuration information
Jan 21 19:02:19 cu-cs-vm kernel: [    0.000000] ACPI: HPET id: 0x8086a201 base: 0xfed00000
Jan 21 19:02:19 cu-cs-vm kernel: [    0.000000] smpboot: Allowing 4 CPUs, 0 hotplug CPUs
Jan 21 19:02:19 cu-cs-vm kernel: [    0.000000] nr_irqs_gsi: 40
Jan 21 19:02:19 cu-cs-vm kernel: [    0.000000] PM: Registered nosave memory: [mem 0x0009f000-0x0009ffff]
Jan 21 19:02:19 cu-cs-vm kernel: [    0.000000] PM: Registered nosave memory: [mem 0x000a0000-0x000effff]
Jan 21 19:02:19 cu-cs-vm kernel: [    0.000000] PM: Registered nosave memory: [mem 0x000f0000-0x000fffff]
Jan 21 19:02:19 cu-cs-vm kernel: [    0.000000] PM: Registered nosave memory: [mem 0xdbff0000-0xdbffffff]
Jan 21 19:02:19 cu-cs-vm kernel: [    0.000000] PM: Registered nosave memory: [mem 0xdc000000-0xfffbffff]
Jan 21 19:02:19 cu-cs-vm kernel: [    0.000000] PM: Registered nosave memory: [mem 0xfffc0000-0xffffffff]
Jan 21 19:02:19 cu-cs-vm kernel: [    0.000000] e820: [mem 0xdc000000-0xfffbffff] available for PCI devices
Jan 21 19:02:19 cu-cs-vm kernel: [    0.000000] Booting paravirtualized kernel on bare hardware
Jan 21 19:02:19 cu-cs-vm kernel: [    0.000000] setup_percpu: NR_CPUS:256 nr_cpumask_bits:256 nr_cpu_ids:4 nr_node_ids:1
Jan 21 19:02:19 cu-cs-vm kernel: [    0.000000] PERCPU: Embedded 28 pages/cpu @ffff880223c00000 s82304 r8192 d24192 u524288
Jan 21 19:02:19 cu-cs-vm kernel: [    0.000000] pcpu-alloc: s82304 r8192 d24192 u524288 alloc=1*2097152
Jan 21 19:02:19 cu-cs-vm kernel: [    0.000000] pcpu-alloc: [0] 0 1 2 3 
Jan 21 19:02:19 cu-cs-vm kernel: [    0.000000] Built 1 zonelists in Zone order, mobility grouping on.  Total pages: 2064249
Jan 21 19:02:19 cu-cs-vm kernel: [    0.000000] Policy zone: Normal
Jan 21 19:02:19 cu-cs-vm kernel: [    0.000000] Kernel command line: BOOT_IMAGE=/@/boot/vmlinuz-3.13.11-ckt13revision2 root=UUID=4d4d4956-efb6-4c5c-9455-e11d9e4726c6 ro rootflags=subvol=@ crashkernel=384M-:128M
Jan 21 19:02:19 cu-cs-vm kernel: [    0.000000] PID hash table entries: 4096 (order: 3, 32768 bytes)
Jan 21 19:02:19 cu-cs-vm kernel: [    0.000000] Checking aperture...
Jan 21 19:02:19 cu-cs-vm kernel: [    0.000000] No AGP bridge found
Jan 21 19:02:19 cu-cs-vm kernel: [    0.000000] Calgary: detecting Calgary via BIOS EBDA area
Jan 21 19:02:19 cu-cs-vm kernel: [    0.000000] Calgary: Unable to locate Rio Grande table in EBDA - bailing!
Jan 21 19:02:19 cu-cs-vm kernel: [    0.000000] Memory: 8030588K/8388152K available (7235K kernel code, 1129K rwdata, 3300K rodata, 1332K init, 1444K bss, 357564K reserved)
Jan 21 19:02:19 cu-cs-vm kernel: [    0.000000] SLUB: HWalign=64, Order=0-3, MinObjects=0, CPUs=4, Nodes=1
Jan 21 19:02:19 cu-cs-vm kernel: [    0.000000] Hierarchical RCU implementation.
Jan 21 19:02:19 cu-cs-vm kernel: [    0.000000] 	RCU dyntick-idle grace-period acceleration is enabled.
Jan 21 19:02:19 cu-cs-vm kernel: [    0.000000] 	RCU restricting CPUs from NR_CPUS=256 to nr_cpu_ids=4.
Jan 21 19:02:19 cu-cs-vm kernel: [    0.000000] 	Offload RCU callbacks from all CPUs
Jan 21 19:02:19 cu-cs-vm kernel: [    0.000000] 	Offload RCU callbacks from CPUs: 0-3.
Jan 21 19:02:19 cu-cs-vm kernel: [    0.000000] NR_IRQS:16640 nr_irqs:712 16
Jan 21 19:02:19 cu-cs-vm kernel: [    0.000000] Console: colour dummy device 80x25
Jan 21 19:02:19 cu-cs-vm kernel: [    0.000000] console [tty0] enabled
Jan 21 19:02:19 cu-cs-vm kernel: [    0.000000] allocated 34078720 bytes of page_cgroup
Jan 21 19:02:19 cu-cs-vm kernel: [    0.000000] please try 'cgroup_disable=memory' option if you don't want memory cgroups
Jan 21 19:02:19 cu-cs-vm kernel: [    0.000000] hpet clockevent registered
Jan 21 19:02:19 cu-cs-vm kernel: [    0.000000] tsc: Fast TSC calibration failed
Jan 21 19:02:19 cu-cs-vm kernel: [    0.000000] tsc: PIT calibration matches HPET. 1 loops
Jan 21 19:02:19 cu-cs-vm kernel: [    0.000000] tsc: Detected 2307.347 MHz processor
Jan 21 19:02:19 cu-cs-vm kernel: [    0.008011] Calibrating delay loop (skipped), value calculated using timer frequency.. 4614.69 BogoMIPS (lpj=9229388)
Jan 21 19:02:19 cu-cs-vm kernel: [    0.008017] pid_max: default: 32768 minimum: 301
Jan 21 19:02:19 cu-cs-vm kernel: [    0.008048] Security Framework initialized
Jan 21 19:02:19 cu-cs-vm kernel: [    0.008067] AppArmor: AppArmor initialized
Jan 21 19:02:19 cu-cs-vm kernel: [    0.008070] Yama: becoming mindful.
Jan 21 19:02:19 cu-cs-vm kernel: [    0.009247] Dentry cache hash table entries: 1048576 (order: 11, 8388608 bytes)
Jan 21 19:02:19 cu-cs-vm kernel: [    0.016022] Inode-cache hash table entries: 524288 (order: 10, 4194304 bytes)
Jan 21 19:02:19 cu-cs-vm kernel: [    0.017431] Mount-cache hash table entries: 16384 (order: 5, 131072 bytes)
Jan 21 19:02:19 cu-cs-vm kernel: [    0.017445] Mountpoint-cache hash table entries: 16384 (order: 5, 131072 bytes)
Jan 21 19:02:19 cu-cs-vm kernel: [    0.017628] Initializing cgroup subsys memory
Jan 21 19:02:19 cu-cs-vm kernel: [    0.017635] Initializing cgroup subsys devices
Jan 21 19:02:19 cu-cs-vm kernel: [    0.017640] Initializing cgroup subsys freezer
Jan 21 19:02:19 cu-cs-vm kernel: [    0.017643] Initializing cgroup subsys blkio
Jan 21 19:02:19 cu-cs-vm kernel: [    0.017647] Initializing cgroup subsys perf_event
Jan 21 19:02:19 cu-cs-vm kernel: [    0.017652] Initializing cgroup subsys hugetlb
Jan 21 19:02:19 cu-cs-vm kernel: [    0.017772] CPU: Physical Processor ID: 0
Jan 21 19:02:19 cu-cs-vm kernel: [    0.017776] CPU: Processor Core ID: 0
Jan 21 19:02:19 cu-cs-vm kernel: [    0.017792] mce: CPU supports 0 MCE banks
Jan 21 19:02:19 cu-cs-vm kernel: [    0.017825] Last level iTLB entries: 4KB 0, 2MB 0, 4MB 0
Jan 21 19:02:19 cu-cs-vm kernel: [    0.017825] Last level dTLB entries: 4KB 64, 2MB 0, 4MB 0
Jan 21 19:02:19 cu-cs-vm kernel: [    0.017825] tlb_flushall_shift: 6
Jan 21 19:02:19 cu-cs-vm kernel: [    0.018017] Freeing SMP alternatives memory: 28K (ffffffff81e69000 - ffffffff81e70000)
Jan 21 19:02:19 cu-cs-vm kernel: [    0.026158] ACPI: Core revision 20131115
Jan 21 19:02:19 cu-cs-vm kernel: [    0.026742] ACPI: All ACPI Tables successfully acquired
Jan 21 19:02:19 cu-cs-vm kernel: [    0.026789] ftrace: allocating 27967 entries in 110 pages
Jan 21 19:02:19 cu-cs-vm kernel: [    0.040365] ..TIMER: vector=0x30 apic1=0 pin1=2 apic2=-1 pin2=-1
Jan 21 19:02:19 cu-cs-vm kernel: [    0.080984] smpboot: CPU0: Intel(R) Core(TM) i7-4700MQ CPU @ 2.40GHz (fam: 06, model: 3c, stepping: 03)
Jan 21 19:02:19 cu-cs-vm kernel: [    0.084000] Performance Events: unsupported p6 CPU model 60 no PMU driver, software events only.
Jan 21 19:02:19 cu-cs-vm kernel: [    0.084000] x86: Booting SMP configuration:
Jan 21 19:02:19 cu-cs-vm kernel: [    0.094900] NMI watchdog: disabled (cpu0): hardware events not enabled
Jan 21 19:02:19 cu-cs-vm kernel: [    0.084000] mce: CPU supports 0 MCE banks
Jan 21 19:02:19 cu-cs-vm kernel: [    0.084000] .... node  #0, CPUs:      #1
Jan 21 19:02:19 cu-cs-vm kernel: [    0.096000] TSC synchronization [CPU#0 -> CPU#1]:
Jan 21 19:02:19 cu-cs-vm kernel: [    0.096000] Measured 27995 cycles TSC warp between CPUs, turning off TSC clock.
Jan 21 19:02:19 cu-cs-vm kernel: [    0.096000] tsc: Marking TSC unstable due to check_tsc_sync_source failed
Jan 21 19:02:19 cu-cs-vm kernel: [    0.096073] mce: CPU supports 0 MCE banks
Jan 21 19:02:19 cu-cs-vm kernel: [    0.108743] mce: CPU supports 0 MCE banks
Jan 21 19:02:19 cu-cs-vm kernel: [    0.096284]  #2 #3
Jan 21 19:02:19 cu-cs-vm kernel: [    0.120386] x86: Booted up 1 node, 4 CPUs
Jan 21 19:02:19 cu-cs-vm kernel: [    0.120393] smpboot: Total of 4 processors activated (18458.77 BogoMIPS)
Jan 21 19:02:19 cu-cs-vm kernel: [    0.120846] devtmpfs: initialized
Jan 21 19:02:19 cu-cs-vm kernel: [    0.121567] EVM: security.selinux
Jan 21 19:02:19 cu-cs-vm kernel: [    0.121571] EVM: security.SMACK64
Jan 21 19:02:19 cu-cs-vm kernel: [    0.121574] EVM: security.ima
Jan 21 19:02:19 cu-cs-vm kernel: [    0.121577] EVM: security.capability
Jan 21 19:02:19 cu-cs-vm kernel: [    0.121644] pinctrl core: initialized pinctrl subsystem
Jan 21 19:02:19 cu-cs-vm kernel: [    0.121644] regulator-dummy: no parameters
Jan 21 19:02:19 cu-cs-vm kernel: [    0.121644] RTC time:  2:01:11, date: 01/22/15
Jan 21 19:02:19 cu-cs-vm kernel: [    0.121644] NET: Registered protocol family 16
Jan 21 19:02:19 cu-cs-vm kernel: [    0.121644] cpuidle: using governor ladder
Jan 21 19:02:19 cu-cs-vm kernel: [    0.121644] cpuidle: using governor menu
Jan 21 19:02:19 cu-cs-vm kernel: [    0.121644] ACPI: bus type PCI registered
Jan 21 19:02:19 cu-cs-vm kernel: [    0.121644] acpiphp: ACPI Hot Plug PCI Controller Driver version: 0.5
Jan 21 19:02:19 cu-cs-vm kernel: [    0.121644] PCI: MMCONFIG for domain 0000 [bus 00-3f] at [mem 0xdc000000-0xdfffffff] (base 0xdc000000)
Jan 21 19:02:19 cu-cs-vm kernel: [    0.121644] PCI: not using MMCONFIG
Jan 21 19:02:19 cu-cs-vm kernel: [    0.121644] PCI: Using configuration type 1 for base access
Jan 21 19:02:19 cu-cs-vm kernel: [    0.124195] bio: create slab <bio-0> at 0
Jan 21 19:02:19 cu-cs-vm kernel: [    0.125094] ACPI: Added _OSI(Module Device)
Jan 21 19:02:19 cu-cs-vm kernel: [    0.125099] ACPI: Added _OSI(Processor Device)
Jan 21 19:02:19 cu-cs-vm kernel: [    0.125103] ACPI: Added _OSI(3.0 _SCP Extensions)
Jan 21 19:02:19 cu-cs-vm kernel: [    0.125107] ACPI: Added _OSI(Processor Aggregator Device)
Jan 21 19:02:19 cu-cs-vm kernel: [    0.125582] ACPI: Executed 1 blocks of module-level executable AML code
Jan 21 19:02:19 cu-cs-vm kernel: [    0.129314] ACPI: Interpreter enabled
Jan 21 19:02:19 cu-cs-vm kernel: [    0.129322] ACPI Exception: AE_NOT_FOUND, While evaluating Sleep State [\_S1_] (20131115/hwxface-580)
Jan 21 19:02:19 cu-cs-vm kernel: [    0.129329] ACPI Exception: AE_NOT_FOUND, While evaluating Sleep State [\_S2_] (20131115/hwxface-580)
Jan 21 19:02:19 cu-cs-vm kernel: [    0.129335] ACPI Exception: AE_NOT_FOUND, While evaluating Sleep State [\_S3_] (20131115/hwxface-580)
Jan 21 19:02:19 cu-cs-vm kernel: [    0.129340] ACPI Exception: AE_NOT_FOUND, While evaluating Sleep State [\_S4_] (20131115/hwxface-580)
Jan 21 19:02:19 cu-cs-vm kernel: [    0.129348] ACPI: (supports S0 S5)
Jan 21 19:02:19 cu-cs-vm kernel: [    0.129352] ACPI: Using IOAPIC for interrupt routing
Jan 21 19:02:19 cu-cs-vm kernel: [    0.129492] PCI: MMCONFIG for domain 0000 [bus 00-3f] at [mem 0xdc000000-0xdfffffff] (base 0xdc000000)
Jan 21 19:02:19 cu-cs-vm kernel: [    0.129643] PCI: MMCONFIG at [mem 0xdc000000-0xdfffffff] reserved in ACPI motherboard resources
Jan 21 19:02:19 cu-cs-vm kernel: [    0.132898] PCI: Ignoring host bridge windows from ACPI; if necessary, use "pci=use_crs" and report a bug
Jan 21 19:02:19 cu-cs-vm kernel: [    0.132984] ACPI: No dock devices found.
Jan 21 19:02:19 cu-cs-vm kernel: [    0.135330] ACPI: PCI Root Bridge [PCI0] (domain 0000 [bus 00-ff])
Jan 21 19:02:19 cu-cs-vm kernel: [    0.135338] acpi PNP0A03:00: _OSC: OS supports [ExtendedConfig ASPM ClockPM Segments MSI]
Jan 21 19:02:19 cu-cs-vm kernel: [    0.135345] acpi PNP0A03:00: _OSC failed (AE_NOT_FOUND); disabling ASPM
Jan 21 19:02:19 cu-cs-vm kernel: [    0.135413] acpi PNP0A03:00: host bridge window [io  0x0000-0x0cf7] (ignored)
Jan 21 19:02:19 cu-cs-vm kernel: [    0.135417] acpi PNP0A03:00: host bridge window [io  0x0d00-0xffff] (ignored)
Jan 21 19:02:19 cu-cs-vm kernel: [    0.135420] acpi PNP0A03:00: host bridge window [mem 0x000a0000-0x000bffff] (ignored)
Jan 21 19:02:19 cu-cs-vm kernel: [    0.135424] acpi PNP0A03:00: host bridge window [mem 0xdc000000-0xffdfffff] (ignored)
Jan 21 19:02:19 cu-cs-vm kernel: [    0.135427] PCI: root bus 00: using default resources
Jan 21 19:02:19 cu-cs-vm kernel: [    0.135431] acpi PNP0A03:00: [Firmware Info]: MMCONFIG for domain 0000 [bus 00-3f] only partially covers this bridge
Jan 21 19:02:19 cu-cs-vm kernel: [    0.136090] PCI host bridge to bus 0000:00
Jan 21 19:02:19 cu-cs-vm kernel: [    0.136095] pci_bus 0000:00: root bus resource [bus 00-ff]
Jan 21 19:02:19 cu-cs-vm kernel: [    0.136100] pci_bus 0000:00: root bus resource [io  0x0000-0xffff]
Jan 21 19:02:19 cu-cs-vm kernel: [    0.136104] pci_bus 0000:00: root bus resource [mem 0x00000000-0x7fffffffff]
Jan 21 19:02:19 cu-cs-vm kernel: [    0.136149] pci 0000:00:02.0: [80ee:beef] type 00 class 0x030000
Jan 21 19:02:19 cu-cs-vm kernel: [    0.140645] pci 0000:00:02.0: reg 0x10: [mem 0xe0000000-0xe1ffffff pref]
Jan 21 19:02:19 cu-cs-vm kernel: [    0.172925] pci 0000:00:03.0: [8086:100e] type 00 class 0x020000
Jan 21 19:02:19 cu-cs-vm kernel: [    0.180133] pci 0000:00:03.0: reg 0x10: [mem 0xf0000000-0xf001ffff]
Jan 21 19:02:19 cu-cs-vm kernel: [    0.192073] pci 0000:00:03.0: reg 0x18: [io  0xd000-0xd007]
Jan 21 19:02:19 cu-cs-vm kernel: [    0.212648] pci 0000:00:04.0: [80ee:cafe] type 00 class 0x088000
Jan 21 19:02:19 cu-cs-vm kernel: [    0.216248] pci 0000:00:04.0: reg 0x10: [io  0xd020-0xd03f]
Jan 21 19:02:19 cu-cs-vm kernel: [    0.224132] pci 0000:00:04.0: reg 0x14: [mem 0xf0400000-0xf07fffff]
Jan 21 19:02:19 cu-cs-vm kernel: [    0.228201] pci 0000:00:04.0: reg 0x18: [mem 0xf0800000-0xf0803fff pref]
Jan 21 19:02:19 cu-cs-vm kernel: [    0.248494] pci 0000:00:05.0: [8086:2415] type 00 class 0x040100
Jan 21 19:02:19 cu-cs-vm kernel: [    0.248584] pci 0000:00:05.0: reg 0x10: [io  0xd100-0xd1ff]
Jan 21 19:02:19 cu-cs-vm kernel: [    0.248644] pci 0000:00:05.0: reg 0x14: [io  0xd200-0xd23f]
Jan 21 19:02:19 cu-cs-vm kernel: [    0.249101] pci 0000:00:07.0: [8086:7113] type 00 class 0x068000
Jan 21 19:02:19 cu-cs-vm kernel: [    0.249794] pci 0000:00:18.0: [8086:2448] type 01 class 0x060401
Jan 21 19:02:19 cu-cs-vm kernel: [    0.252097] pci 0000:00:19.0: [8086:2448] type 01 class 0x060401
Jan 21 19:02:19 cu-cs-vm kernel: [    0.252435] pci 0000:00:1f.0: [8086:27b9] type 00 class 0x060100
Jan 21 19:02:19 cu-cs-vm kernel: [    0.252835] pci 0000:00:1f.0: quirk: [io  0x8000-0x807f] claimed by ICH6 ACPI/GPIO/TCO
Jan 21 19:02:19 cu-cs-vm kernel: [    0.253085] pci 0000:00:1f.2: [8086:2829] type 00 class 0x010601
Jan 21 19:02:19 cu-cs-vm kernel: [    0.256212] pci 0000:00:1f.2: reg 0x10: [io  0xe000-0xe007]
Jan 21 19:02:19 cu-cs-vm kernel: [    0.264126] pci 0000:00:1f.2: reg 0x14: [io  0xe008-0xe00b]
Jan 21 19:02:19 cu-cs-vm kernel: [    0.268111] pci 0000:00:1f.2: reg 0x18: [io  0xe010-0xe017]
Jan 21 19:02:19 cu-cs-vm kernel: [    0.272141] pci 0000:00:1f.2: reg 0x1c: [io  0xe018-0xe01b]
Jan 21 19:02:19 cu-cs-vm kernel: [    0.280158] pci 0000:00:1f.2: reg 0x20: [io  0xe020-0xe02f]
Jan 21 19:02:19 cu-cs-vm kernel: [    0.284181] pci 0000:00:1f.2: reg 0x24: [mem 0xf0900000-0xf0901fff]
Jan 21 19:02:19 cu-cs-vm kernel: [    0.292763] pci 0000:00:1f.4: [106b:003f] type 00 class 0x0c0310
Jan 21 19:02:19 cu-cs-vm kernel: [    0.296206] pci 0000:00:1f.4: reg 0x10: [mem 0xf0902000-0xf0902fff]
Jan 21 19:02:19 cu-cs-vm kernel: [    0.328847] pci 0000:00:18.0: PCI bridge to [bus 01] (subtractive decode)
Jan 21 19:02:19 cu-cs-vm kernel: [    0.328901] pci 0000:00:18.0:   bridge window [io  0x0000-0xffff] (subtractive decode)
Jan 21 19:02:19 cu-cs-vm kernel: [    0.328905] pci 0000:00:18.0:   bridge window [mem 0x00000000-0x7fffffffff] (subtractive decode)
Jan 21 19:02:19 cu-cs-vm kernel: [    0.329200] pci 0000:00:19.0: PCI bridge to [bus 02] (subtractive decode)
Jan 21 19:02:19 cu-cs-vm kernel: [    0.329247] pci 0000:00:19.0:   bridge window [io  0x0000-0xffff] (subtractive decode)
Jan 21 19:02:19 cu-cs-vm kernel: [    0.329251] pci 0000:00:19.0:   bridge window [mem 0x00000000-0x7fffffffff] (subtractive decode)
Jan 21 19:02:19 cu-cs-vm kernel: [    0.329935] ACPI: PCI Interrupt Link [LNKA] (IRQs 5 9 10 *11)
Jan 21 19:02:19 cu-cs-vm kernel: [    0.332144] ACPI: PCI Interrupt Link [LNKB] (IRQs 5 *9 10 11)
Jan 21 19:02:19 cu-cs-vm kernel: [    0.332219] ACPI: PCI Interrupt Link [LNKC] (IRQs 5 9 10 *11)
Jan 21 19:02:19 cu-cs-vm kernel: [    0.332293] ACPI: PCI Interrupt Link [LNKD] (IRQs 5 *9 10 11)
Jan 21 19:02:19 cu-cs-vm kernel: [    0.332390] ACPI: Enabled 1 GPEs in block 00 to 07
Jan 21 19:02:19 cu-cs-vm kernel: [    0.332398] ACPI: \_SB_.PCI0: notify handler is installed
Jan 21 19:02:19 cu-cs-vm kernel: [    0.332409] Found 1 acpi root devices
Jan 21 19:02:19 cu-cs-vm kernel: [    0.332576] vgaarb: setting as boot device: PCI:0000:00:02.0
Jan 21 19:02:19 cu-cs-vm kernel: [    0.332576] vgaarb: device added: PCI:0000:00:02.0,decodes=io+mem,owns=io+mem,locks=none
Jan 21 19:02:19 cu-cs-vm kernel: [    0.332576] vgaarb: loaded
Jan 21 19:02:19 cu-cs-vm kernel: [    0.332576] vgaarb: bridge control possible 0000:00:02.0
Jan 21 19:02:19 cu-cs-vm kernel: [    0.332576] SCSI subsystem initialized
Jan 21 19:02:19 cu-cs-vm kernel: [    0.332576] libata version 3.00 loaded.
Jan 21 19:02:19 cu-cs-vm kernel: [    0.332576] ACPI: bus type USB registered
Jan 21 19:02:19 cu-cs-vm kernel: [    0.332576] usbcore: registered new interface driver usbfs
Jan 21 19:02:19 cu-cs-vm kernel: [    0.332576] usbcore: registered new interface driver hub
Jan 21 19:02:19 cu-cs-vm kernel: [    0.332576] usbcore: registered new device driver usb
Jan 21 19:02:19 cu-cs-vm kernel: [    0.332576] PCI: Using ACPI for IRQ routing
Jan 21 19:02:19 cu-cs-vm kernel: [    0.348157] PCI: pci_cache_line_size set to 64 bytes
Jan 21 19:02:19 cu-cs-vm kernel: [    0.348327] e820: reserve RAM buffer [mem 0x0009fc00-0x0009ffff]
Jan 21 19:02:19 cu-cs-vm kernel: [    0.348421] e820: reserve RAM buffer [mem 0xdbff0000-0xdbffffff]
Jan 21 19:02:19 cu-cs-vm kernel: [    0.348566] NetLabel: Initializing
Jan 21 19:02:19 cu-cs-vm kernel: [    0.348572] NetLabel:  domain hash size = 128
Jan 21 19:02:19 cu-cs-vm kernel: [    0.348575] NetLabel:  protocols = UNLABELED CIPSOv4
Jan 21 19:02:19 cu-cs-vm kernel: [    0.348588] NetLabel:  unlabeled traffic allowed by default
Jan 21 19:02:19 cu-cs-vm kernel: [    0.348657] HPET: 4 timers in total, 0 timers will be used for per-cpu timer
Jan 21 19:02:19 cu-cs-vm kernel: [    0.348657] hpet0: at MMIO 0xfed00000, IRQs 2, 8, 0, 0
Jan 21 19:02:19 cu-cs-vm kernel: [    0.348657] hpet0: 4 comparators, 64-bit 14.318180 MHz counter
Jan 21 19:02:19 cu-cs-vm kernel: [    0.352346] Switched to clocksource hpet
Jan 21 19:02:19 cu-cs-vm kernel: [    0.360219] AppArmor: AppArmor Filesystem Enabled
Jan 21 19:02:19 cu-cs-vm kernel: [    0.360248] pnp: PnP ACPI init
Jan 21 19:02:19 cu-cs-vm kernel: [    0.360260] ACPI: bus type PNP registered
Jan 21 19:02:19 cu-cs-vm kernel: [    0.360337] pnp 00:00: Plug and Play ACPI device, IDs PNP0303 (active)
Jan 21 19:02:19 cu-cs-vm kernel: [    0.360346] pnp 00:01: [dma 4]
Jan 21 19:02:19 cu-cs-vm kernel: [    0.360358] pnp 00:01: Plug and Play ACPI device, IDs PNP0200 (active)
Jan 21 19:02:19 cu-cs-vm kernel: [    0.360425] pnp 00:02: Plug and Play ACPI device, IDs PNP0f03 (active)
Jan 21 19:02:19 cu-cs-vm kernel: [    0.360459] pnp 00:03: Plug and Play ACPI device, IDs PNP0400 (active)
Jan 21 19:02:19 cu-cs-vm kernel: [    0.360500] pnp 00:04: Plug and Play ACPI device, IDs PNP0b00 (active)
Jan 21 19:02:19 cu-cs-vm kernel: [    0.360582] system 00:05: [mem 0xfed00000-0xfed003ff] has been reserved
Jan 21 19:02:19 cu-cs-vm kernel: [    0.360587] system 00:05: Plug and Play ACPI device, IDs PNP0103 PNP0c01 (active)
Jan 21 19:02:19 cu-cs-vm kernel: [    0.360920] pnp: PnP ACPI: found 6 devices
Jan 21 19:02:19 cu-cs-vm kernel: [    0.360924] ACPI: bus type PNP unregistered
Jan 21 19:02:19 cu-cs-vm kernel: [    0.379638] pci 0000:00:18.0: PCI bridge to [bus 01]
Jan 21 19:02:19 cu-cs-vm kernel: [    0.379716] pci 0000:00:19.0: PCI bridge to [bus 02]
Jan 21 19:02:19 cu-cs-vm kernel: [    0.379788] pci_bus 0000:00: resource 4 [io  0x0000-0xffff]
Jan 21 19:02:19 cu-cs-vm kernel: [    0.379792] pci_bus 0000:00: resource 5 [mem 0x00000000-0x7fffffffff]
Jan 21 19:02:19 cu-cs-vm kernel: [    0.379795] pci_bus 0000:01: resource 4 [io  0x0000-0xffff]
Jan 21 19:02:19 cu-cs-vm kernel: [    0.379799] pci_bus 0000:01: resource 5 [mem 0x00000000-0x7fffffffff]
Jan 21 19:02:19 cu-cs-vm kernel: [    0.379802] pci_bus 0000:02: resource 4 [io  0x0000-0xffff]
Jan 21 19:02:19 cu-cs-vm kernel: [    0.379805] pci_bus 0000:02: resource 5 [mem 0x00000000-0x7fffffffff]
Jan 21 19:02:19 cu-cs-vm kernel: [    0.379849] NET: Registered protocol family 2
Jan 21 19:02:19 cu-cs-vm kernel: [    0.380007] TCP established hash table entries: 65536 (order: 7, 524288 bytes)
Jan 21 19:02:19 cu-cs-vm kernel: [    0.380869] TCP bind hash table entries: 65536 (order: 8, 1048576 bytes)
Jan 21 19:02:19 cu-cs-vm kernel: [    0.380977] TCP: Hash tables configured (established 65536 bind 65536)
Jan 21 19:02:19 cu-cs-vm kernel: [    0.380999] TCP: reno registered
Jan 21 19:02:19 cu-cs-vm kernel: [    0.381017] UDP hash table entries: 4096 (order: 5, 131072 bytes)
Jan 21 19:02:19 cu-cs-vm kernel: [    0.381039] UDP-Lite hash table entries: 4096 (order: 5, 131072 bytes)
Jan 21 19:02:19 cu-cs-vm kernel: [    0.381104] NET: Registered protocol family 1
Jan 21 19:02:19 cu-cs-vm kernel: [    0.381135] pci 0000:00:02.0: Video device with shadowed ROM
Jan 21 19:02:19 cu-cs-vm kernel: [    0.424474] PCI: CLS 0 bytes, default 64
Jan 21 19:02:19 cu-cs-vm kernel: [    0.424578] Trying to unpack rootfs image as initramfs...
Jan 21 19:02:19 cu-cs-vm kernel: [    0.563787] Freeing initrd memory: 10236K (ffff880036bf2000 - ffff8800375f1000)
Jan 21 19:02:19 cu-cs-vm kernel: [    0.563799] PCI-DMA: Using software bounce buffering for IO (SWIOTLB)
Jan 21 19:02:19 cu-cs-vm kernel: [    0.563804] software IO TLB [mem 0xd7ff0000-0xdbff0000] (64MB) mapped at [ffff8800d7ff0000-ffff8800dbfeffff]
Jan 21 19:02:19 cu-cs-vm kernel: [    0.564441] microcode: CPU0 sig=0x306c3, pf=0x1, revision=0x0
Jan 21 19:02:19 cu-cs-vm kernel: [    0.564531] microcode: CPU1 sig=0x306c3, pf=0x1, revision=0x0
Jan 21 19:02:19 cu-cs-vm kernel: [    0.564543] microcode: CPU2 sig=0x306c3, pf=0x1, revision=0x0
Jan 21 19:02:19 cu-cs-vm kernel: [    0.564614] microcode: CPU3 sig=0x306c3, pf=0x1, revision=0x0
Jan 21 19:02:19 cu-cs-vm kernel: [    0.564959] microcode: Microcode Update Driver: v2.00 <tigran@aivazian.fsnet.co.uk>, Peter Oruba
Jan 21 19:02:19 cu-cs-vm kernel: [    0.564964] Scanning for low memory corruption every 60 seconds
Jan 21 19:02:19 cu-cs-vm kernel: [    0.565663] Initialise system trusted keyring
Jan 21 19:02:19 cu-cs-vm kernel: [    0.565696] audit: initializing netlink socket (disabled)
Jan 21 19:02:19 cu-cs-vm kernel: [    0.565709] type=2000 audit(1421892070.564:1): initialized
Jan 21 19:02:19 cu-cs-vm kernel: [    0.589983] HugeTLB registered 2 MB page size, pre-allocated 0 pages
Jan 21 19:02:19 cu-cs-vm kernel: [    0.591298] zbud: loaded
Jan 21 19:02:19 cu-cs-vm kernel: [    0.591674] VFS: Disk quotas dquot_6.5.2
Jan 21 19:02:19 cu-cs-vm kernel: [    0.591711] Dquot-cache hash table entries: 512 (order 0, 4096 bytes)
Jan 21 19:02:19 cu-cs-vm kernel: [    0.592456] fuse init (API version 7.22)
Jan 21 19:02:19 cu-cs-vm kernel: [    0.592642] msgmni has been set to 15704
Jan 21 19:02:19 cu-cs-vm kernel: [    0.592686] Key type big_key registered
Jan 21 19:02:19 cu-cs-vm kernel: [    0.597841] Key type asymmetric registered
Jan 21 19:02:19 cu-cs-vm kernel: [    0.597847] Asymmetric key parser 'x509' registered
Jan 21 19:02:19 cu-cs-vm kernel: [    0.597877] Block layer SCSI generic (bsg) driver version 0.4 loaded (major 252)
Jan 21 19:02:19 cu-cs-vm kernel: [    0.598514] io scheduler noop registered
Jan 21 19:02:19 cu-cs-vm kernel: [    0.598519] io scheduler deadline registered (default)
Jan 21 19:02:19 cu-cs-vm kernel: [    0.598544] io scheduler cfq registered
Jan 21 19:02:19 cu-cs-vm kernel: [    0.598603] pci_hotplug: PCI Hot Plug PCI Core version: 0.5
Jan 21 19:02:19 cu-cs-vm kernel: [    0.598617] pciehp: PCI Express Hot Plug Controller Driver version: 0.4
Jan 21 19:02:19 cu-cs-vm kernel: [    0.598653] vesafb: mode is 640x480x32, linelength=2560, pages=0
Jan 21 19:02:19 cu-cs-vm kernel: [    0.598657] vesafb: scrolling: redraw
Jan 21 19:02:19 cu-cs-vm kernel: [    0.598661] vesafb: Truecolor: size=8:8:8:8, shift=24:16:8:0
Jan 21 19:02:19 cu-cs-vm kernel: [    0.598733] vesafb: framebuffer at 0xe0000000, mapped to 0xffffc90004e80000, using 1216k, total 1216k
Jan 21 19:02:19 cu-cs-vm kernel: [    0.600269] Console: switching to colour frame buffer device 80x30
Jan 21 19:02:19 cu-cs-vm kernel: [    0.600761] fb0: VESA VGA frame buffer device
Jan 21 19:02:19 cu-cs-vm kernel: [    0.600830] intel_idle: does not run on family 6 model 60
Jan 21 19:02:19 cu-cs-vm kernel: [    0.600837] ipmi message handler version 39.2
Jan 21 19:02:19 cu-cs-vm kernel: [    0.600913] ACPI: Deprecated procfs I/F for AC is loaded, please retry with CONFIG_ACPI_PROCFS_POWER cleared
Jan 21 19:02:19 cu-cs-vm kernel: [    0.601026] ACPI: AC Adapter [AC] (on-line)
Jan 21 19:02:19 cu-cs-vm kernel: [    0.601469] input: Power Button as /devices/LNXSYSTM:00/LNXPWRBN:00/input/input0
Jan 21 19:02:19 cu-cs-vm kernel: [    0.602167] ACPI: Power Button [PWRF]
Jan 21 19:02:19 cu-cs-vm kernel: [    0.602564] input: Sleep Button as /devices/LNXSYSTM:00/LNXSLPBN:00/input/input1
Jan 21 19:02:19 cu-cs-vm kernel: [    0.602937] ACPI: Sleep Button [SLPF]
Jan 21 19:02:19 cu-cs-vm kernel: [    0.603435] GHES: HEST is not enabled!
Jan 21 19:02:19 cu-cs-vm kernel: [    0.603969] Serial: 8250/16550 driver, 32 ports, IRQ sharing enabled
Jan 21 19:02:19 cu-cs-vm kernel: [    0.604339] ACPI: Deprecated procfs I/F for battery is loaded, please retry with CONFIG_ACPI_PROCFS_POWER cleared
Jan 21 19:02:19 cu-cs-vm kernel: [    0.605068] ACPI: Battery Slot [BAT0] (battery present)
Jan 21 19:02:19 cu-cs-vm kernel: [    0.611736] Linux agpgart interface v0.103
Jan 21 19:02:19 cu-cs-vm kernel: [    0.615213] brd: module loaded
Jan 21 19:02:19 cu-cs-vm kernel: [    0.617915] loop: module loaded
Jan 21 19:02:19 cu-cs-vm kernel: [    0.618757] libphy: Fixed MDIO Bus: probed
Jan 21 19:02:19 cu-cs-vm kernel: [    0.619764] tun: Universal TUN/TAP device driver, 1.6
Jan 21 19:02:19 cu-cs-vm kernel: [    0.620078] tun: (C) 1999-2004 Max Krasnyansky <maxk@qualcomm.com>
Jan 21 19:02:19 cu-cs-vm kernel: [    0.620751] PPP generic driver version 2.4.2
Jan 21 19:02:19 cu-cs-vm kernel: [    0.621309] ehci_hcd: USB 2.0 'Enhanced' Host Controller (EHCI) Driver
Jan 21 19:02:19 cu-cs-vm kernel: [    0.621635] ehci-pci: EHCI PCI platform driver
Jan 21 19:02:19 cu-cs-vm kernel: [    0.622017] ehci-platform: EHCI generic platform driver
Jan 21 19:02:19 cu-cs-vm kernel: [    0.622389] ohci_hcd: USB 1.1 'Open' Host Controller (OHCI) Driver
Jan 21 19:02:19 cu-cs-vm kernel: [    0.622756] ohci-pci: OHCI PCI platform driver
Jan 21 19:02:19 cu-cs-vm kernel: [    0.623404] ohci-pci 0000:00:1f.4: OHCI PCI host controller
Jan 21 19:02:19 cu-cs-vm kernel: [    0.623764] ohci-pci 0000:00:1f.4: new USB bus registered, assigned bus number 1
Jan 21 19:02:19 cu-cs-vm kernel: [    0.625045] ohci-pci 0000:00:1f.4: irq 23, io mem 0xf0902000
Jan 21 19:02:19 cu-cs-vm kernel: [    0.684237] usb usb1: New USB device found, idVendor=1d6b, idProduct=0001
Jan 21 19:02:19 cu-cs-vm kernel: [    0.684578] usb usb1: New USB device strings: Mfr=3, Product=2, SerialNumber=1
Jan 21 19:02:19 cu-cs-vm kernel: [    0.685201] usb usb1: Product: OHCI PCI host controller
Jan 21 19:02:19 cu-cs-vm kernel: [    0.685518] usb usb1: Manufacturer: Linux 3.13.11-ckt13revision2 ohci_hcd
Jan 21 19:02:19 cu-cs-vm kernel: [    0.685866] usb usb1: SerialNumber: 0000:00:1f.4
Jan 21 19:02:19 cu-cs-vm kernel: [    0.686706] hub 1-0:1.0: USB hub found
Jan 21 19:02:19 cu-cs-vm kernel: [    0.686948] hub 1-0:1.0: 8 ports detected
Jan 21 19:02:19 cu-cs-vm kernel: [    0.687508] ohci-platform: OHCI generic platform driver
Jan 21 19:02:19 cu-cs-vm kernel: [    0.687839] uhci_hcd: USB Universal Host Controller Interface driver
Jan 21 19:02:19 cu-cs-vm kernel: [    0.689559] i8042: PNP: PS/2 Controller [PNP0303:PS2K,PNP0f03:PS2M] at 0x60,0x64 irq 1,12
Jan 21 19:02:19 cu-cs-vm kernel: [    0.691024] serio: i8042 KBD port at 0x60,0x64 irq 1
Jan 21 19:02:19 cu-cs-vm kernel: [    0.691307] serio: i8042 AUX port at 0x60,0x64 irq 12
Jan 21 19:02:19 cu-cs-vm kernel: [    0.692138] mousedev: PS/2 mouse device common for all mice
Jan 21 19:02:19 cu-cs-vm kernel: [    0.693271] input: AT Translated Set 2 keyboard as /devices/platform/i8042/serio0/input/input2
Jan 21 19:02:19 cu-cs-vm kernel: [    0.695843] rtc_cmos 00:04: rtc core: registered rtc_cmos as rtc0
Jan 21 19:02:19 cu-cs-vm kernel: [    0.696956] rtc_cmos 00:04: alarms up to one day, 114 bytes nvram, hpet irqs
Jan 21 19:02:19 cu-cs-vm kernel: [    0.697387] device-mapper: uevent: version 1.0.3
Jan 21 19:02:19 cu-cs-vm kernel: [    0.698961] device-mapper: ioctl: 4.27.0-ioctl (2013-10-30) initialised: dm-devel@redhat.com
Jan 21 19:02:19 cu-cs-vm kernel: [    0.699688] ledtrig-cpu: registered to indicate activity on CPUs
Jan 21 19:02:19 cu-cs-vm kernel: [    0.700008] TCP: cubic registered
Jan 21 19:02:19 cu-cs-vm kernel: [    0.700497] NET: Registered protocol family 10
Jan 21 19:02:19 cu-cs-vm kernel: [    0.700985] NET: Registered protocol family 17
Jan 21 19:02:19 cu-cs-vm kernel: [    0.701307] Key type dns_resolver registered
Jan 21 19:02:19 cu-cs-vm kernel: [    0.702566] Loading compiled-in X.509 certificates
Jan 21 19:02:19 cu-cs-vm kernel: [    0.702965] Loaded X.509 cert 'Magrathea: Glacier signing key: daa5adcfb62e3002e9d19deab6c9c92da744e4ed'
Jan 21 19:02:19 cu-cs-vm kernel: [    0.703799] registered taskstats version 1
Jan 21 19:02:19 cu-cs-vm kernel: [    0.708910] Key type trusted registered
Jan 21 19:02:19 cu-cs-vm kernel: [    0.713469] Key type encrypted registered
Jan 21 19:02:19 cu-cs-vm kernel: [    0.716687] AppArmor: AppArmor sha1 policy hashing enabled
Jan 21 19:02:19 cu-cs-vm kernel: [    0.716984] IMA: No TPM chip found, activating TPM-bypass!
Jan 21 19:02:19 cu-cs-vm kernel: [    0.717597] regulator-dummy: disabling
Jan 21 19:02:19 cu-cs-vm kernel: [    0.718317]   Magic number: 15:790:5
Jan 21 19:02:19 cu-cs-vm kernel: [    0.719142] rtc_cmos 00:04: setting system clock to 2015-01-22 02:01:11 UTC (1421892071)
Jan 21 19:02:19 cu-cs-vm kernel: [    0.721310] BIOS EDD facility v0.16 2004-Jun-25, 0 devices found
Jan 21 19:02:19 cu-cs-vm kernel: [    0.721661] EDD information not available.
Jan 21 19:02:19 cu-cs-vm kernel: [    0.722038] PM: Hibernation image not present or could not be loaded.
Jan 21 19:02:19 cu-cs-vm kernel: [    0.722855] Freeing unused kernel memory: 1332K (ffffffff81d1c000 - ffffffff81e69000)
Jan 21 19:02:19 cu-cs-vm kernel: [    0.723482] Write protecting the kernel read-only data: 12288k
Jan 21 19:02:19 cu-cs-vm kernel: [    0.726218] Freeing unused kernel memory: 944K (ffff880001714000 - ffff880001800000)
Jan 21 19:02:19 cu-cs-vm kernel: [    0.728839] Freeing unused kernel memory: 796K (ffff880001b39000 - ffff880001c00000)
Jan 21 19:02:19 cu-cs-vm kernel: [    0.747925] systemd-udevd[113]: starting version 204
Jan 21 19:02:19 cu-cs-vm kernel: [    0.777934] e1000: Intel(R) PRO/1000 Network Driver - version 7.3.21-k8-NAPI
Jan 21 19:02:19 cu-cs-vm kernel: [    0.777952] ahci 0000:00:1f.2: version 3.0
Jan 21 19:02:19 cu-cs-vm kernel: [    0.778319] e1000: Copyright (c) 1999-2006 Intel Corporation.
Jan 21 19:02:19 cu-cs-vm kernel: [    0.778565] ahci 0000:00:1f.2: irq 40 for MSI/MSI-X
Jan 21 19:02:19 cu-cs-vm kernel: [    0.778644] ahci 0000:00:1f.2: SSS flag set, parallel bus scan disabled
Jan 21 19:02:19 cu-cs-vm kernel: [    0.778804] ahci 0000:00:1f.2: AHCI 0001.0100 32 slots 2 ports 3 Gbps 0x3 impl SATA mode
Jan 21 19:02:19 cu-cs-vm kernel: [    0.778808] ahci 0000:00:1f.2: flags: 64bit ncq stag only ccc 
Jan 21 19:02:19 cu-cs-vm kernel: [    0.779303] scsi0 : ahci
Jan 21 19:02:19 cu-cs-vm kernel: [    0.779458] scsi1 : ahci
Jan 21 19:02:19 cu-cs-vm kernel: [    0.779502] ata1: SATA max UDMA/133 abar m8192@0xf0900000 port 0xf0900100 irq 40
Jan 21 19:02:19 cu-cs-vm kernel: [    0.779508] ata2: SATA max UDMA/133 abar m8192@0xf0900000 port 0xf0900180 irq 40
Jan 21 19:02:19 cu-cs-vm kernel: [    1.006287] input: ImExPS/2 Generic Explorer Mouse as /devices/platform/i8042/serio1/input/input4
Jan 21 19:02:19 cu-cs-vm kernel: [    1.096676] usb 1-1: new full-speed USB device number 2 using ohci-pci
Jan 21 19:02:19 cu-cs-vm kernel: [    1.100247] ata1: SATA link up 3.0 Gbps (SStatus 123 SControl 300)
Jan 21 19:02:19 cu-cs-vm kernel: [    1.100312] ata1.00: ATA-8: VBOX HARDDISK, 1.0, max UDMA/133
Jan 21 19:02:19 cu-cs-vm kernel: [    1.100901] ata1.00: 104857600 sectors, multi 128: LBA48 NCQ (depth 31/32)
Jan 21 19:02:19 cu-cs-vm kernel: [    1.101486] ata1.00: configured for UDMA/133
Jan 21 19:02:19 cu-cs-vm kernel: [    1.102327] scsi 0:0:0:0: Direct-Access     ATA      VBOX HARDDISK    1.0  PQ: 0 ANSI: 5
Jan 21 19:02:19 cu-cs-vm kernel: [    1.103614] sd 0:0:0:0: Attached scsi generic sg0 type 0
Jan 21 19:02:19 cu-cs-vm kernel: [    1.103712] sd 0:0:0:0: [sda] 104857600 512-byte logical blocks: (53.6 GB/50.0 GiB)
Jan 21 19:02:19 cu-cs-vm kernel: [    1.103959] sd 0:0:0:0: [sda] Write Protect is off
Jan 21 19:02:19 cu-cs-vm kernel: [    1.103963] sd 0:0:0:0: [sda] Mode Sense: 00 3a 00 00
Jan 21 19:02:19 cu-cs-vm kernel: [    1.104255] sd 0:0:0:0: [sda] Write cache: enabled, read cache: enabled, doesn't support DPO or FUA
Jan 21 19:02:19 cu-cs-vm kernel: [    1.105639]  sda: sda1
Jan 21 19:02:19 cu-cs-vm kernel: [    1.106753] sd 0:0:0:0: [sda] Attached SCSI disk
Jan 21 19:02:19 cu-cs-vm kernel: [    1.162762] e1000 0000:00:03.0 eth0: (PCI:33MHz:32-bit) 08:00:27:35:fd:62
Jan 21 19:02:19 cu-cs-vm kernel: [    1.163179] e1000 0000:00:03.0 eth0: Intel(R) PRO/1000 Network Connection
Jan 21 19:02:19 cu-cs-vm kernel: [    1.360720] usb 1-1: New USB device found, idVendor=80ee, idProduct=0021
Jan 21 19:02:19 cu-cs-vm kernel: [    1.361067] usb 1-1: New USB device strings: Mfr=1, Product=3, SerialNumber=0
Jan 21 19:02:19 cu-cs-vm kernel: [    1.361452] usb 1-1: Product: USB Tablet
Jan 21 19:02:19 cu-cs-vm kernel: [    1.361805] usb 1-1: Manufacturer: VirtualBox
Jan 21 19:02:19 cu-cs-vm kernel: [    1.372817] hidraw: raw HID events driver (C) Jiri Kosina
Jan 21 19:02:19 cu-cs-vm kernel: [    1.421253] ata2: SATA link up 3.0 Gbps (SStatus 123 SControl 300)
Jan 21 19:02:19 cu-cs-vm kernel: [    1.421782] ata2.00: ATAPI: VBOX CD-ROM, 1.0, max UDMA/133
Jan 21 19:02:19 cu-cs-vm kernel: [    1.422133] ata2.00: applying bridge limits
Jan 21 19:02:19 cu-cs-vm kernel: [    1.422588] ata2.00: configured for UDMA/100
Jan 21 19:02:19 cu-cs-vm kernel: [    1.423317] scsi 1:0:0:0: CD-ROM            VBOX     CD-ROM           1.0  PQ: 0 ANSI: 5
Jan 21 19:02:19 cu-cs-vm kernel: [    1.424395] usbcore: registered new interface driver usbhid
Jan 21 19:02:19 cu-cs-vm kernel: [    1.424687] usbhid: USB HID core driver
Jan 21 19:02:19 cu-cs-vm kernel: [    1.425385] sr0: scsi3-mmc drive: 32x/32x xa/form2 tray
Jan 21 19:02:19 cu-cs-vm kernel: [    1.425747] cdrom: Uniform CD-ROM driver Revision: 3.20
Jan 21 19:02:19 cu-cs-vm kernel: [    1.426909] sr 1:0:0:0: Attached scsi CD-ROM sr0
Jan 21 19:02:19 cu-cs-vm kernel: [    1.427022] sr 1:0:0:0: Attached scsi generic sg1 type 5
Jan 21 19:02:19 cu-cs-vm kernel: [    1.433364] input: VirtualBox USB Tablet as /devices/pci0000:00/0000:00:1f.4/usb1/1-1/1-1:1.0/input/input5
Jan 21 19:02:19 cu-cs-vm kernel: [    1.435444] hid-generic 0003:80EE:0021.0001: input,hidraw0: USB HID v1.10 Mouse [VirtualBox USB Tablet] on usb-0000:00:1f.4-1/input0
Jan 21 19:02:19 cu-cs-vm kernel: [    1.540079] raid6: sse2x1    9925 MB/s
Jan 21 19:02:19 cu-cs-vm kernel: [    1.608092] raid6: sse2x2   11939 MB/s
Jan 21 19:02:19 cu-cs-vm kernel: [    1.676132] raid6: sse2x4   14181 MB/s
Jan 21 19:02:19 cu-cs-vm kernel: [    1.676887] raid6: using algorithm sse2x4 (14181 MB/s)
Jan 21 19:02:19 cu-cs-vm kernel: [    1.677290] raid6: using ssse3x2 recovery algorithm
Jan 21 19:02:19 cu-cs-vm kernel: [    1.680716] xor: measuring software checksum speed
Jan 21 19:02:19 cu-cs-vm kernel: [    1.720351]    prefetch64-sse: 16022.000 MB/sec
Jan 21 19:02:19 cu-cs-vm kernel: [    1.760731]    generic_sse: 18539.000 MB/sec
Jan 21 19:02:19 cu-cs-vm kernel: [    1.761194] xor: using function: generic_sse (18539.000 MB/sec)
Jan 21 19:02:19 cu-cs-vm kernel: [    1.833472] bio: create slab <bio-1> at 1
Jan 21 19:02:19 cu-cs-vm kernel: [    1.834653] Btrfs loaded
Jan 21 19:02:19 cu-cs-vm kernel: [    1.846480] btrfs: device fsid 4d4d4956-efb6-4c5c-9455-e11d9e4726c6 devid 1 transid 507 /dev/sda1
Jan 21 19:02:19 cu-cs-vm kernel: [    1.855825] btrfs: device fsid 4d4d4956-efb6-4c5c-9455-e11d9e4726c6 devid 1 transid 507 /dev/disk/by-uuid/4d4d4956-efb6-4c5c-9455-e11d9e4726c6
Jan 21 19:02:19 cu-cs-vm kernel: [    1.858058] btrfs: disk space caching is enabled
Jan 21 19:02:19 cu-cs-vm kernel: [    2.454277] Btrfs detected SSD devices, enabling SSD mode
Jan 21 19:02:19 cu-cs-vm kernel: [    4.175128] random: nonblocking pool is initialized
Jan 21 19:02:19 cu-cs-vm kernel: [   38.186173] IPv6: ADDRCONF(NETDEV_UP): eth0: link is not ready
Jan 21 19:02:19 cu-cs-vm kernel: [   38.225394] systemd-udevd[310]: starting version 204
Jan 21 19:02:19 cu-cs-vm kernel: [   38.627581] type=1400 audit(1421892109.403:2): apparmor="STATUS" operation="profile_load" profile="unconfined" name="/sbin/dhclient" pid=376 comm="apparmor_parser"
Jan 21 19:02:19 cu-cs-vm kernel: [   38.627588] type=1400 audit(1421892109.403:3): apparmor="STATUS" operation="profile_load" profile="unconfined" name="/usr/lib/NetworkManager/nm-dhcp-client.action" pid=376 comm="apparmor_parser"
Jan 21 19:02:19 cu-cs-vm kernel: [   38.627594] type=1400 audit(1421892109.403:4): apparmor="STATUS" operation="profile_load" profile="unconfined" name="/usr/lib/connman/scripts/dhclient-script" pid=376 comm="apparmor_parser"
Jan 21 19:02:19 cu-cs-vm kernel: [   38.627604] type=1400 audit(1421892109.403:5): apparmor="STATUS" operation="profile_replace" profile="unconfined" name="/sbin/dhclient" pid=375 comm="apparmor_parser"
Jan 21 19:02:19 cu-cs-vm kernel: [   38.627611] type=1400 audit(1421892109.403:6): apparmor="STATUS" operation="profile_replace" profile="unconfined" name="/usr/lib/NetworkManager/nm-dhcp-client.action" pid=375 comm="apparmor_parser"
Jan 21 19:02:19 cu-cs-vm kernel: [   38.627617] type=1400 audit(1421892109.403:7): apparmor="STATUS" operation="profile_replace" profile="unconfined" name="/usr/lib/connman/scripts/dhclient-script" pid=375 comm="apparmor_parser"
Jan 21 19:02:19 cu-cs-vm kernel: [   38.627837] type=1400 audit(1421892109.403:8): apparmor="STATUS" operation="profile_replace" profile="unconfined" name="/usr/lib/NetworkManager/nm-dhcp-client.action" pid=376 comm="apparmor_parser"
Jan 21 19:02:19 cu-cs-vm kernel: [   38.627843] type=1400 audit(1421892109.403:9): apparmor="STATUS" operation="profile_replace" profile="unconfined" name="/usr/lib/connman/scripts/dhclient-script" pid=376 comm="apparmor_parser"
Jan 21 19:02:19 cu-cs-vm kernel: [   38.627858] type=1400 audit(1421892109.403:10): apparmor="STATUS" operation="profile_replace" profile="unconfined" name="/usr/lib/NetworkManager/nm-dhcp-client.action" pid=375 comm="apparmor_parser"
Jan 21 19:02:19 cu-cs-vm kernel: [   38.627863] type=1400 audit(1421892109.403:11): apparmor="STATUS" operation="profile_replace" profile="unconfined" name="/usr/lib/connman/scripts/dhclient-script" pid=375 comm="apparmor_parser"
Jan 21 19:02:19 cu-cs-vm kernel: [   38.707284] vboxguest: module verification failed: signature and/or  required key missing - tainting kernel
Jan 21 19:02:19 cu-cs-vm kernel: [   38.751772] input: Unspecified device as /devices/pci0000:00/0000:00:04.0/input/input6
Jan 21 19:02:19 cu-cs-vm kernel: [   38.757219] vboxguest: major 0, IRQ 20, I/O port d020, MMIO at 00000000f0400000 (size 0x400000)
Jan 21 19:02:19 cu-cs-vm kernel: [   38.788226] vboxguest: Successfully loaded version 4.3.10_Ubuntu (interface 0x00010004)
Jan 21 19:02:19 cu-cs-vm kernel: [   39.046909] piix4_smbus 0000:00:07.0: SMBus base address uninitialized - upgrade BIOS or use force_addr=0xaddr
Jan 21 19:02:19 cu-cs-vm kernel: [   39.197609] lpc_ich 0000:00:1f.0: I/O space for GPIO uninitialized
Jan 21 19:02:19 cu-cs-vm kernel: [   39.633699] [drm] Initialized drm 1.1.0 20060810
Jan 21 19:02:19 cu-cs-vm kernel: [   39.753265] lp: driver loaded but no devices found
Jan 21 19:02:19 cu-cs-vm kernel: [   39.805676] parport_pc 00:03: reported by Plug and Play ACPI
Jan 21 19:02:19 cu-cs-vm kernel: [   39.971295] [drm] Supports vblank timestamp caching Rev 2 (21.10.2013).
Jan 21 19:02:19 cu-cs-vm kernel: [   39.971300] [drm] No driver support for vblank timestamp query.
Jan 21 19:02:19 cu-cs-vm kernel: [   39.971304] [drm] Initialized vboxvideo 1.0.0 20090303 for 0000:00:02.0 on minor 0
Jan 21 19:02:19 cu-cs-vm kernel: [   40.080096] ppdev: user-space parallel port driver
Jan 21 19:02:19 cu-cs-vm kernel: [   40.796777] btrfs: use zlib compression
Jan 21 19:02:19 cu-cs-vm kernel: [   40.796799] btrfs: disk space caching is enabled
Jan 21 19:02:19 cu-cs-vm kernel: [   40.797356] BTRFS debug (device sda1): truncated 1 orphans
Jan 21 19:02:19 cu-cs-vm kernel: [   40.797880] BTRFS debug (device sda1): unlinked 20 orphans
Jan 21 19:02:19 cu-cs-vm kernel: [   40.797884] BTRFS debug (device sda1): truncated 6 orphans
Jan 21 19:02:19 cu-cs-vm kernel: [   41.050214] btrfs: device fsid 4d4d4956-efb6-4c5c-9455-e11d9e4726c6 devid 1 transid 509 /dev/sda1
Jan 21 19:02:19 cu-cs-vm kernel: [   43.729319] intel8x0_measure_ac97_clock: measured 56307 usecs (9432 samples)
Jan 21 19:02:19 cu-cs-vm kernel: [   43.729332] intel8x0: measured clock 167510 rejected
Jan 21 19:02:19 cu-cs-vm kernel: [   44.090743] intel8x0_measure_ac97_clock: measured 56929 usecs (7680 samples)
Jan 21 19:02:19 cu-cs-vm kernel: [   44.090748] intel8x0: measured clock 134904 rejected
Jan 21 19:02:19 cu-cs-vm kernel: [   44.455301] intel8x0_measure_ac97_clock: measured 58498 usecs (7680 samples)
Jan 21 19:02:19 cu-cs-vm kernel: [   44.455308] intel8x0: measured clock 131286 rejected
Jan 21 19:02:19 cu-cs-vm kernel: [   44.455314] intel8x0: clocking to 48000
Jan 21 19:02:19 cu-cs-vm kernel: [   45.246993] btrfs: device fsid 4d4d4956-efb6-4c5c-9455-e11d9e4726c6 devid 1 transid 509 /dev/sda1
Jan 21 19:02:19 cu-cs-vm kernel: [   45.330133] btrfs: device fsid 4d4d4956-efb6-4c5c-9455-e11d9e4726c6 devid 1 transid 509 /dev/sda1
Jan 21 19:02:19 cu-cs-vm kernel: [   67.906163] init: failsafe main process (611) killed by TERM signal
Jan 21 19:02:19 cu-cs-vm kernel: [   69.136501] audit_printk_skb: 12 callbacks suppressed
Jan 21 19:02:19 cu-cs-vm kernel: [   69.136505] type=1400 audit(1421892139.915:16): apparmor="STATUS" operation="profile_load" profile="unconfined" name="/usr/lib/cups/backend/cups-pdf" pid=768 comm="apparmor_parser"
Jan 21 19:02:19 cu-cs-vm kernel: [   69.136512] type=1400 audit(1421892139.915:17): apparmor="STATUS" operation="profile_load" profile="unconfined" name="/usr/sbin/cupsd" pid=768 comm="apparmor_parser"
Jan 21 19:02:19 cu-cs-vm kernel: [   69.136732] type=1400 audit(1421892139.915:18): apparmor="STATUS" operation="profile_replace" profile="unconfined" name="/usr/sbin/cupsd" pid=768 comm="apparmor_parser"
Jan 21 19:02:20 cu-cs-vm rsyslogd-2039: Could no open output pipe '/dev/xconsole': No such file or directory [try http://www.rsyslog.com/e/2039 ]
Jan 21 19:02:20 cu-cs-vm kernel: [   69.327194] type=1400 audit(1421892140.103:19): apparmor="STATUS" operation="profile_replace" profile="unconfined" name="/sbin/dhclient" pid=814 comm="apparmor_parser"
Jan 21 19:02:20 cu-cs-vm kernel: [   69.327203] type=1400 audit(1421892140.103:20): apparmor="STATUS" operation="profile_replace" profile="unconfined" name="/usr/lib/NetworkManager/nm-dhcp-client.action" pid=814 comm="apparmor_parser"
Jan 21 19:02:20 cu-cs-vm kernel: [   69.327208] type=1400 audit(1421892140.103:21): apparmor="STATUS" operation="profile_replace" profile="unconfined" name="/usr/lib/connman/scripts/dhclient-script" pid=814 comm="apparmor_parser"
Jan 21 19:02:20 cu-cs-vm kernel: [   69.327439] type=1400 audit(1421892140.103:22): apparmor="STATUS" operation="profile_replace" profile="unconfined" name="/usr/lib/NetworkManager/nm-dhcp-client.action" pid=814 comm="apparmor_parser"
Jan 21 19:02:20 cu-cs-vm kernel: [   69.327445] type=1400 audit(1421892140.103:23): apparmor="STATUS" operation="profile_replace" profile="unconfined" name="/usr/lib/connman/scripts/dhclient-script" pid=814 comm="apparmor_parser"
Jan 21 19:02:20 cu-cs-vm kernel: [   69.327563] type=1400 audit(1421892140.103:24): apparmor="STATUS" operation="profile_replace" profile="unconfined" name="/usr/lib/connman/scripts/dhclient-script" pid=814 comm="apparmor_parser"
Jan 21 19:02:20 cu-cs-vm kernel: [   69.327640] type=1400 audit(1421892140.103:25): apparmor="STATUS" operation="profile_load" profile="unconfined" name="/usr/lib/lightdm/lightdm-guest-session" pid=813 comm="apparmor_parser"
Jan 21 19:02:20 cu-cs-vm bluetoothd[839]: Bluetooth daemon 4.101
Jan 21 19:02:20 cu-cs-vm bluetoothd[839]: Starting SDP server
Jan 21 19:02:20 cu-cs-vm ntpd[757]: ntpd 4.2.6p5@1.2349-o Sat Dec 20 11:47:14 UTC 2014 (1)
Jan 21 19:02:20 cu-cs-vm ntpd[847]: proto: precision = 0.280 usec
Jan 21 19:02:20 cu-cs-vm ntpd[847]: ntp_io: estimated max descriptors: 1024, initial socket boundary: 16
Jan 21 19:02:20 cu-cs-vm ntpd[847]: Listen and drop on 0 v4wildcard 0.0.0.0 UDP 123
Jan 21 19:02:20 cu-cs-vm ntpd[847]: Listen and drop on 1 v6wildcard :: UDP 123
Jan 21 19:02:20 cu-cs-vm ntpd[847]: Listen normally on 2 lo 127.0.0.1 UDP 123
Jan 21 19:02:20 cu-cs-vm ntpd[847]: Listen normally on 3 lo ::1 UDP 123
Jan 21 19:02:20 cu-cs-vm ntpd[847]: peers refreshed
Jan 21 19:02:20 cu-cs-vm ntpd[847]: Listening on routing socket on fd #20 for interface updates
Jan 21 19:02:20 cu-cs-vm ntpd[847]: Deferring DNS for 0.ubuntu.pool.ntp.org 1
Jan 21 19:02:20 cu-cs-vm ntpd[847]: Deferring DNS for 1.ubuntu.pool.ntp.org 1
Jan 21 19:02:20 cu-cs-vm ntpd[847]: Deferring DNS for 2.ubuntu.pool.ntp.org 1
Jan 21 19:02:20 cu-cs-vm ntpd[847]: Deferring DNS for 3.ubuntu.pool.ntp.org 1
Jan 21 19:02:20 cu-cs-vm ntpd[847]: Deferring DNS for ntp.ubuntu.com 1
Jan 21 19:02:20 cu-cs-vm ntpd[849]: signal_no_reset: signal 17 had flags 4000000
Jan 21 19:02:21 cu-cs-vm bluetoothd[839]: DIS cannot start: GATT is disabled
Jan 21 19:02:21 cu-cs-vm bluetoothd[839]: Failed to init deviceinfo plugin
Jan 21 19:02:21 cu-cs-vm bluetoothd[839]: Failed to init proximity plugin
Jan 21 19:02:21 cu-cs-vm bluetoothd[839]: Failed to init time plugin
Jan 21 19:02:21 cu-cs-vm bluetoothd[839]: Failed to init alert plugin
Jan 21 19:02:21 cu-cs-vm bluetoothd[839]: Failed to init thermometer plugin
Jan 21 19:02:21 cu-cs-vm kernel: [   70.564826] Bluetooth: Core ver 2.17
Jan 21 19:02:21 cu-cs-vm kernel: [   70.564850] NET: Registered protocol family 31
Jan 21 19:02:21 cu-cs-vm kernel: [   70.564853] Bluetooth: HCI device and connection manager initialized
Jan 21 19:02:21 cu-cs-vm kernel: [   70.564862] Bluetooth: HCI socket layer initialized
Jan 21 19:02:21 cu-cs-vm kernel: [   70.564866] Bluetooth: L2CAP socket layer initialized
Jan 21 19:02:21 cu-cs-vm kernel: [   70.564872] Bluetooth: SCO socket layer initialized
Jan 21 19:02:21 cu-cs-vm kernel: [   70.829882] Bluetooth: RFCOMM TTY layer initialized
Jan 21 19:02:21 cu-cs-vm kernel: [   70.829894] Bluetooth: RFCOMM socket layer initialized
Jan 21 19:02:21 cu-cs-vm kernel: [   70.829901] Bluetooth: RFCOMM ver 1.11
Jan 21 19:02:21 cu-cs-vm bluetoothd[839]: Failed to init gatt_example plugin
Jan 21 19:02:21 cu-cs-vm bluetoothd[839]: Bluetooth Management interface initialized
Jan 21 19:02:21 cu-cs-vm kernel: [   70.902656] Bluetooth: BNEP (Ethernet Emulation) ver 1.3
Jan 21 19:02:21 cu-cs-vm kernel: [   70.902661] Bluetooth: BNEP filters: protocol multicast
Jan 21 19:02:21 cu-cs-vm kernel: [   70.902677] Bluetooth: BNEP socket layer initialized
Jan 21 19:02:22 cu-cs-vm avahi-daemon[894]: Found user 'avahi' (UID 111) and group 'avahi' (GID 117).
Jan 21 19:02:22 cu-cs-vm avahi-daemon[894]: Successfully dropped root privileges.
Jan 21 19:02:22 cu-cs-vm avahi-daemon[894]: avahi-daemon 0.6.31 starting up.
Jan 21 19:02:22 cu-cs-vm avahi-daemon[894]: Successfully called chroot().
Jan 21 19:02:22 cu-cs-vm avahi-daemon[894]: Successfully dropped remaining capabilities.
Jan 21 19:02:22 cu-cs-vm avahi-daemon[894]: No service file found in /etc/avahi/services.
Jan 21 19:02:22 cu-cs-vm avahi-daemon[894]: Network interface enumeration completed.
Jan 21 19:02:22 cu-cs-vm avahi-daemon[894]: Registering HINFO record with values 'X86_64'/'LINUX'.
Jan 21 19:02:22 cu-cs-vm avahi-daemon[894]: Server startup complete. Host name is cu-cs-vm.local. Local service cookie is 274917360.
Jan 21 19:02:22 cu-cs-vm kernel: [   71.257368] init: cups main process (769) killed by HUP signal
Jan 21 19:02:22 cu-cs-vm kernel: [   71.257385] init: cups main process ended, respawning
Jan 21 19:02:22 cu-cs-vm anacron[978]: Anacron 2.3 started on 2015-01-21
Jan 21 19:02:22 cu-cs-vm anacron[978]: Normal exit (0 jobs run)
Jan 21 19:02:22 cu-cs-vm acpid: starting up with netlink and the input layer
Jan 21 19:02:22 cu-cs-vm acpid: 9 rules loaded
Jan 21 19:02:22 cu-cs-vm acpid: waiting for events: event logging is off
Jan 21 19:02:22 cu-cs-vm cron[931]: (CRON) INFO (pidfile fd = 3)
Jan 21 19:02:22 cu-cs-vm cron[997]: (CRON) STARTUP (fork ok)
Jan 21 19:02:22 cu-cs-vm cron[997]: (CRON) INFO (Running @reboot jobs)
Jan 21 19:02:22 cu-cs-vm ntpd_intres[849]: host name not found: 0.ubuntu.pool.ntp.org
Jan 21 19:02:22 cu-cs-vm ntpd_intres[849]: host name not found: 1.ubuntu.pool.ntp.org
Jan 21 19:02:22 cu-cs-vm ntpd_intres[849]: host name not found: 2.ubuntu.pool.ntp.org
Jan 21 19:02:22 cu-cs-vm ntpd_intres[849]: host name not found: 3.ubuntu.pool.ntp.org
Jan 21 19:02:22 cu-cs-vm ntpd_intres[849]: host name not found: ntp.ubuntu.com
Jan 21 19:02:23 cu-cs-vm ModemManager[720]: <info>  ModemManager (version 1.0.0) starting...
Jan 21 19:02:23 cu-cs-vm dbus[689]: [system] Activating service name='org.freedesktop.Accounts' (using servicehelper)
Jan 21 19:02:23 cu-cs-vm kernel: [   73.088145] vboxsf: Successfully loaded version 4.3.10_Ubuntu (interface 0x00010004)
Jan 21 19:02:23 cu-cs-vm dbus[689]: [system] Activating service name='org.freedesktop.ConsoleKit' (using servicehelper)
Jan 21 19:02:23 cu-cs-vm dbus[689]: [system] Activating service name='org.freedesktop.PolicyKit1' (using servicehelper)
Jan 21 19:02:24 cu-cs-vm NetworkManager[1204]: <info> NetworkManager (version 0.9.8.8) is starting...
Jan 21 19:02:24 cu-cs-vm NetworkManager[1204]: <info> Read config file /etc/NetworkManager/NetworkManager.conf
Jan 21 19:02:24 cu-cs-vm NetworkManager[1204]: <info> WEXT support is enabled
Jan 21 19:02:24 cu-cs-vm NetworkManager[1204]: <info> VPN: loaded org.freedesktop.NetworkManager.pptp
Jan 21 19:02:24 cu-cs-vm NetworkManager[1204]: <info> DNS: loaded plugin dnsmasq
Jan 21 19:02:24 cu-cs-vm polkitd[1203]: started daemon version 0.105 using authority implementation `local' version `0.105'
Jan 21 19:02:24 cu-cs-vm dbus[689]: [system] Successfully activated service 'org.freedesktop.PolicyKit1'
Jan 21 19:02:24 cu-cs-vm dbus[689]: [system] Successfully activated service 'org.freedesktop.ConsoleKit'
Jan 21 19:02:24 cu-cs-vm NetworkManager[1204]:    SCPlugin-Ifupdown: init!
Jan 21 19:02:24 cu-cs-vm NetworkManager[1204]:    SCPlugin-Ifupdown: update_system_hostname
Jan 21 19:02:24 cu-cs-vm NetworkManager[1204]:       interface-parser: parsing file /etc/network/interfaces
Jan 21 19:02:24 cu-cs-vm NetworkManager[1204]:       interface-parser: finished parsing file /etc/network/interfaces
Jan 21 19:02:24 cu-cs-vm NetworkManager[1204]:    SCPluginIfupdown: management mode: unmanaged
Jan 21 19:02:24 cu-cs-vm NetworkManager[1204]:    SCPlugin-Ifupdown: devices added (path: /sys/devices/pci0000:00/0000:00:03.0/net/eth0, iface: eth0)
Jan 21 19:02:24 cu-cs-vm NetworkManager[1204]:    SCPlugin-Ifupdown: device added (path: /sys/devices/pci0000:00/0000:00:03.0/net/eth0, iface: eth0): no ifupdown configuration found.
Jan 21 19:02:24 cu-cs-vm NetworkManager[1204]:    SCPlugin-Ifupdown: devices added (path: /sys/devices/virtual/net/lo, iface: lo)
Jan 21 19:02:24 cu-cs-vm NetworkManager[1204]:    SCPlugin-Ifupdown: device added (path: /sys/devices/virtual/net/lo, iface: lo): no ifupdown configuration found.
Jan 21 19:02:24 cu-cs-vm NetworkManager[1204]:    SCPlugin-Ifupdown: end _init.
Jan 21 19:02:24 cu-cs-vm NetworkManager[1204]: <info> Loaded plugin ifupdown: (C) 2008 Canonical Ltd.  To report bugs please use the NetworkManager mailing list.
Jan 21 19:02:24 cu-cs-vm NetworkManager[1204]: <info> Loaded plugin keyfile: (c) 2007 - 2010 Red Hat, Inc.  To report bugs please use the NetworkManager mailing list.
Jan 21 19:02:24 cu-cs-vm NetworkManager[1204]:    SCPlugin-Ofono: Acquired D-Bus service com.canonical.NMOfono
Jan 21 19:02:24 cu-cs-vm NetworkManager[1204]:    SCPlugin-Ofono: init!
Jan 21 19:02:24 cu-cs-vm NetworkManager[1204]:    SCPlugin-Ofono: end _init.
Jan 21 19:02:24 cu-cs-vm NetworkManager[1204]: <info> Loaded plugin (null): (null)
Jan 21 19:02:24 cu-cs-vm NetworkManager[1204]:    Ifupdown: get unmanaged devices count: 0
Jan 21 19:02:24 cu-cs-vm NetworkManager[1204]:    SCPlugin-Ifupdown: (13634320) ... get_connections.
Jan 21 19:02:24 cu-cs-vm NetworkManager[1204]:    SCPlugin-Ifupdown: (13634320) ... get_connections (managed=false): return empty list.
Jan 21 19:02:24 cu-cs-vm NetworkManager[1204]:    SCPlugin-Ofono: (1811956080) ... get_connections.
Jan 21 19:02:24 cu-cs-vm NetworkManager[1204]:    SCPlugin-Ofono: (1811956080) connections count: 0
Jan 21 19:02:24 cu-cs-vm NetworkManager[1204]:    Ifupdown: get unmanaged devices count: 0
Jan 21 19:02:24 cu-cs-vm NetworkManager[1204]: <info> monitoring kernel firmware directory '/lib/firmware'.
Jan 21 19:02:24 cu-cs-vm NetworkManager[1204]: <info> WiFi enabled by radio killswitch; enabled by state file
Jan 21 19:02:24 cu-cs-vm NetworkManager[1204]: <info> WWAN enabled by radio killswitch; enabled by state file
Jan 21 19:02:24 cu-cs-vm NetworkManager[1204]: <info> WiMAX enabled by radio killswitch; enabled by state file
Jan 21 19:02:24 cu-cs-vm NetworkManager[1204]: <info> Networking is enabled by state file
Jan 21 19:02:24 cu-cs-vm NetworkManager[1204]: <warn> failed to allocate link cache: (-12) Object not found
Jan 21 19:02:24 cu-cs-vm NetworkManager[1204]: <info> (eth0): carrier is OFF
Jan 21 19:02:24 cu-cs-vm NetworkManager[1204]: <info> (eth0): new Ethernet device (driver: 'e1000' ifindex: 2)
Jan 21 19:02:24 cu-cs-vm NetworkManager[1204]: <info> (eth0): exported as /org/freedesktop/NetworkManager/Devices/0
Jan 21 19:02:24 cu-cs-vm NetworkManager[1204]: <info> (eth0): device state change: unmanaged -> unavailable (reason 'managed') [10 20 2]
Jan 21 19:02:24 cu-cs-vm NetworkManager[1204]: <info> (eth0): bringing up device.
Jan 21 19:02:24 cu-cs-vm NetworkManager[1204]: <info> (eth0): preparing device.
Jan 21 19:02:24 cu-cs-vm NetworkManager[1204]: <info> (eth0): deactivating device (reason 'managed') [2]
Jan 21 19:02:24 cu-cs-vm NetworkManager[1204]: <info> Added default wired connection 'Wired connection 1' for /sys/devices/pci0000:00/0000:00:03.0/net/eth0
Jan 21 19:02:24 cu-cs-vm kernel: [   73.459192] IPv6: ADDRCONF(NETDEV_UP): eth0: link is not ready
Jan 21 19:02:24 cu-cs-vm kernel: [   73.459374] IPv6: ADDRCONF(NETDEV_UP): eth0: link is not ready
Jan 21 19:02:24 cu-cs-vm NetworkManager[1204]: <warn> /sys/devices/virtual/net/lo: couldn't determine device driver; ignoring...
Jan 21 19:02:24 cu-cs-vm kernel: [   73.461723] e1000: eth0 NIC Link is Up 1000 Mbps Full Duplex, Flow Control: RX
Jan 21 19:02:24 cu-cs-vm kernel: [   73.461958] IPv6: ADDRCONF(NETDEV_CHANGE): eth0: link becomes ready
Jan 21 19:02:24 cu-cs-vm NetworkManager[1204]: <warn> /sys/devices/virtual/net/lo: couldn't determine device driver; ignoring...
Jan 21 19:02:24 cu-cs-vm NetworkManager[1204]: <info> (eth0): carrier now ON (device state 20)
Jan 21 19:02:24 cu-cs-vm NetworkManager[1204]: <info> (eth0): device state change: unavailable -> disconnected (reason 'carrier-changed') [20 30 40]
Jan 21 19:02:24 cu-cs-vm NetworkManager[1204]: <info> urfkill disappeared from the bus
Jan 21 19:02:24 cu-cs-vm NetworkManager[1204]: <info> Auto-activating connection 'Wired connection 1'.
Jan 21 19:02:24 cu-cs-vm NetworkManager[1204]: <info> Activation (eth0) starting connection 'Wired connection 1'
Jan 21 19:02:24 cu-cs-vm NetworkManager[1204]: <info> (eth0): device state change: disconnected -> prepare (reason 'none') [30 40 0]
Jan 21 19:02:24 cu-cs-vm NetworkManager[1204]: <info> NetworkManager state is now CONNECTING
Jan 21 19:02:24 cu-cs-vm NetworkManager[1204]: <info> Activation (eth0) Stage 1 of 5 (Device Prepare) scheduled...
Jan 21 19:02:24 cu-cs-vm NetworkManager[1204]: <info> Activation (eth0) Stage 1 of 5 (Device Prepare) started...
Jan 21 19:02:24 cu-cs-vm NetworkManager[1204]: <info> Activation (eth0) Stage 2 of 5 (Device Configure) scheduled...
Jan 21 19:02:24 cu-cs-vm NetworkManager[1204]: <info> Activation (eth0) Stage 1 of 5 (Device Prepare) complete.
Jan 21 19:02:24 cu-cs-vm NetworkManager[1204]: <info> Activation (eth0) Stage 2 of 5 (Device Configure) starting...
Jan 21 19:02:24 cu-cs-vm NetworkManager[1204]: <info> (eth0): device state change: prepare -> config (reason 'none') [40 50 0]
Jan 21 19:02:24 cu-cs-vm NetworkManager[1204]: <info> Activation (eth0) Stage 2 of 5 (Device Configure) successful.
Jan 21 19:02:24 cu-cs-vm NetworkManager[1204]: <info> Activation (eth0) Stage 3 of 5 (IP Configure Start) scheduled.
Jan 21 19:02:24 cu-cs-vm NetworkManager[1204]: <info> Activation (eth0) Stage 2 of 5 (Device Configure) complete.
Jan 21 19:02:24 cu-cs-vm NetworkManager[1204]: <info> Activation (eth0) Stage 3 of 5 (IP Configure Start) started...
Jan 21 19:02:24 cu-cs-vm NetworkManager[1204]: <info> (eth0): device state change: config -> ip-config (reason 'none') [50 70 0]
Jan 21 19:02:24 cu-cs-vm NetworkManager[1204]: <info> Activation (eth0) Beginning DHCPv4 transaction (timeout in 45 seconds)
Jan 21 19:02:24 cu-cs-vm NetworkManager[1204]: <info> dhclient started with pid 1213
Jan 21 19:02:24 cu-cs-vm NetworkManager[1204]: <info> Activation (eth0) Beginning IP6 addrconf.
Jan 21 19:02:24 cu-cs-vm dhclient: Internet Systems Consortium DHCP Client 4.2.4
Jan 21 19:02:24 cu-cs-vm dhclient: Copyright 2004-2012 Internet Systems Consortium.
Jan 21 19:02:24 cu-cs-vm dhclient: All rights reserved.
Jan 21 19:02:24 cu-cs-vm dhclient: For info, please visit https://www.isc.org/software/dhcp/
Jan 21 19:02:24 cu-cs-vm dhclient: 
Jan 21 19:02:24 cu-cs-vm NetworkManager[1204]: <info> Activation (eth0) Stage 3 of 5 (IP Configure Start) complete.
Jan 21 19:02:24 cu-cs-vm NetworkManager[1204]: <info> ModemManager available in the bus
Jan 21 19:02:24 cu-cs-vm NetworkManager[1204]: <info> (eth0): DHCPv4 state changed nbi -> preinit
Jan 21 19:02:24 cu-cs-vm dhclient: Listening on LPF/eth0/08:00:27:35:fd:62
Jan 21 19:02:24 cu-cs-vm dhclient: Sending on   LPF/eth0/08:00:27:35:fd:62
Jan 21 19:02:24 cu-cs-vm dhclient: Sending on   Socket/fallback
Jan 21 19:02:24 cu-cs-vm dhclient: DHCPDISCOVER on eth0 to 255.255.255.255 port 67 interval 3 (xid=0x6b2e7ab1)
Jan 21 19:02:24 cu-cs-vm dhclient: DHCPREQUEST of 10.0.2.15 on eth0 to 255.255.255.255 port 67 (xid=0x6b2e7ab1)
Jan 21 19:02:24 cu-cs-vm dhclient: DHCPOFFER of 10.0.2.15 from 10.0.2.2
Jan 21 19:02:24 cu-cs-vm dhclient: DHCPACK of 10.0.2.15 from 10.0.2.2
Jan 21 19:02:24 cu-cs-vm dhclient: bound to 10.0.2.15 -- renewal in 38716 seconds.
Jan 21 19:02:24 cu-cs-vm NetworkManager[1204]: <info> (eth0): DHCPv4 state changed preinit -> bound
Jan 21 19:02:24 cu-cs-vm NetworkManager[1204]: <info>   address 10.0.2.15
Jan 21 19:02:24 cu-cs-vm NetworkManager[1204]: <info>   prefix 24 (255.255.255.0)
Jan 21 19:02:24 cu-cs-vm NetworkManager[1204]: <info>   gateway 10.0.2.2
Jan 21 19:02:24 cu-cs-vm NetworkManager[1204]: <info>   nameserver '128.138.130.30'
Jan 21 19:02:24 cu-cs-vm NetworkManager[1204]: <info>   nameserver '128.138.240.1'
Jan 21 19:02:24 cu-cs-vm NetworkManager[1204]: <info>   nameserver '128.138.129.76'
Jan 21 19:02:24 cu-cs-vm NetworkManager[1204]: <info>   domain name 'int.colorado.edu'
Jan 21 19:02:24 cu-cs-vm NetworkManager[1204]: <info> Activation (eth0) Stage 5 of 5 (IPv4 Configure Commit) scheduled...
Jan 21 19:02:24 cu-cs-vm NetworkManager[1204]: <info> Activation (eth0) Stage 5 of 5 (IPv4 Commit) started...
Jan 21 19:02:24 cu-cs-vm avahi-daemon[894]: Joining mDNS multicast group on interface eth0.IPv4 with address 10.0.2.15.
Jan 21 19:02:24 cu-cs-vm avahi-daemon[894]: New relevant interface eth0.IPv4 for mDNS.
Jan 21 19:02:24 cu-cs-vm avahi-daemon[894]: Registering new address record for 10.0.2.15 on eth0.IPv4.
Jan 21 19:02:24 cu-cs-vm accounts-daemon[1059]: started daemon version 0.6.35
Jan 21 19:02:24 cu-cs-vm dbus[689]: [system] Successfully activated service 'org.freedesktop.Accounts'
Jan 21 19:02:25 cu-cs-vm NetworkManager[1204]: <info> (eth0): device state change: ip-config -> secondaries (reason 'none') [70 90 0]
Jan 21 19:02:25 cu-cs-vm NetworkManager[1204]: <info> Activation (eth0) Stage 5 of 5 (IPv4 Commit) complete.
Jan 21 19:02:25 cu-cs-vm NetworkManager[1204]: <info> (eth0): device state change: secondaries -> activated (reason 'none') [90 100 0]
Jan 21 19:02:25 cu-cs-vm NetworkManager[1204]: <info> NetworkManager state is now CONNECTED_GLOBAL
Jan 21 19:02:25 cu-cs-vm NetworkManager[1204]: <info> Policy set 'Wired connection 1' (eth0) as default for IPv4 routing and DNS.
Jan 21 19:02:25 cu-cs-vm NetworkManager[1204]: <info> DNS: starting dnsmasq...
Jan 21 19:02:25 cu-cs-vm NetworkManager[1204]: <warn> dnsmasq not available on the bus, can't update servers.
Jan 21 19:02:25 cu-cs-vm NetworkManager[1204]: <error> [1421892145.666343] [nm-dns-dnsmasq.c:396] update(): dnsmasq owner not found on bus: Could not get owner of name 'org.freedesktop.NetworkManager.dnsmasq': no such name
Jan 21 19:02:25 cu-cs-vm NetworkManager[1204]: <warn> DNS: plugin dnsmasq update failed
Jan 21 19:02:25 cu-cs-vm NetworkManager[1204]: <info> Writing DNS information to /sbin/resolvconf
Jan 21 19:02:25 cu-cs-vm ModemManager[720]: <warn>  Couldn't find support for device at '/sys/devices/pci0000:00/0000:00:03.0': not supported by any plugin
Jan 21 19:02:26 cu-cs-vm dnsmasq[1225]: started, version 2.68 cache disabled
Jan 21 19:02:26 cu-cs-vm dnsmasq[1225]: compile time options: IPv6 GNU-getopt DBus i18n IDN DHCP DHCPv6 no-Lua TFTP conntrack ipset auth
Jan 21 19:02:26 cu-cs-vm dnsmasq[1225]: DBus support enabled: connected to system bus
Jan 21 19:02:26 cu-cs-vm dnsmasq[1225]: warning: no upstream servers configured
Jan 21 19:02:26 cu-cs-vm avahi-daemon[894]: Joining mDNS multicast group on interface eth0.IPv6 with address fe80::a00:27ff:fe35:fd62.
Jan 21 19:02:26 cu-cs-vm avahi-daemon[894]: New relevant interface eth0.IPv6 for mDNS.
Jan 21 19:02:26 cu-cs-vm avahi-daemon[894]: Registering new address record for fe80::a00:27ff:fe35:fd62 on eth0.*.
Jan 21 19:02:27 cu-cs-vm ntpd[847]: Listen normally on 4 eth0 10.0.2.15 UDP 123
Jan 21 19:02:27 cu-cs-vm ntpd[847]: Listen normally on 5 eth0 fe80::a00:27ff:fe35:fd62 UDP 123
Jan 21 19:02:27 cu-cs-vm ntpd[847]: peers refreshed
Jan 21 19:02:27 cu-cs-vm ntpd[847]: new interface(s) found: waking up resolver
Jan 21 19:02:28 cu-cs-vm whoopsie[960]: whoopsie 0.2.24.6 starting up.
Jan 21 19:02:28 cu-cs-vm whoopsie[960]: Using lock path: /var/lock/whoopsie/lock
Jan 21 19:02:29 cu-cs-vm NetworkManager[1204]: <info> Activation (eth0) successful, device activated.
Jan 21 19:02:29 cu-cs-vm dbus[689]: [system] Activating service name='org.freedesktop.nm_dispatcher' (using servicehelper)
Jan 21 19:02:29 cu-cs-vm NetworkManager[1204]: <warn> dnsmasq appeared on DBus: :1.16
Jan 21 19:02:29 cu-cs-vm NetworkManager[1204]: <info> Writing DNS information to /sbin/resolvconf
Jan 21 19:02:29 cu-cs-vm dnsmasq[1225]: setting upstream servers from DBus
Jan 21 19:02:29 cu-cs-vm dnsmasq[1225]: using nameserver 128.138.129.76#53
Jan 21 19:02:29 cu-cs-vm dnsmasq[1225]: using nameserver 128.138.240.1#53
Jan 21 19:02:29 cu-cs-vm dnsmasq[1225]: using nameserver 128.138.130.30#53
Jan 21 19:02:29 cu-cs-vm dbus[689]: [system] Successfully activated service 'org.freedesktop.nm_dispatcher'
Jan 21 19:02:29 cu-cs-vm ntpd[847]: ntpd exiting on signal 15
Jan 21 19:02:29 cu-cs-vm whoopsie[1340]: online
Jan 21 19:02:29 cu-cs-vm ntpd_intres[849]: parent died before we finished, exiting
Jan 21 19:02:31 cu-cs-vm kernel: [   81.041976] init: plymouth-upstart-bridge main process ended, respawning
Jan 21 19:02:34 cu-cs-vm NetworkManager[1204]: <info> WiFi hardware radio set enabled
Jan 21 19:02:37 cu-cs-vm vmusr[1700]: [ warning] [vmusr] Error creating backup of old config file.
Jan 21 19:02:37 cu-cs-vm vmusr[1700]: [ warning] [GLib-GObject] Attempt to add property ToolsCoreService::tcs-app-ctx after class was initialised
Jan 21 19:02:37 cu-cs-vm vmusr[1700]: [ warning] [GLib-GObject] Attempt to add property ToolsCoreService::tcs-prop-thread-pool after class was initialised
Jan 21 19:02:37 cu-cs-vm vmusr[1700]: [ warning] [vmtoolsd] The vmusr service needs to run inside a virtual machine.
Jan 21 19:02:37 cu-cs-vm dbus[689]: [system] Activating service name='org.freedesktop.UPower' (using servicehelper)
Jan 21 19:02:38 cu-cs-vm vmusr[1700]: [ warning] [vmtoolsd] Plugin path is not a directory: /usr/lib/open-vm-tools/plugins/vmusr
Jan 21 19:02:41 cu-cs-vm dbus[689]: [system] Successfully activated service 'org.freedesktop.UPower'
Jan 21 19:02:42 cu-cs-vm anacron[1798]: Anacron 2.3 started on 2015-01-21
Jan 21 19:02:42 cu-cs-vm anacron[1798]: Normal exit (0 jobs run)
Jan 21 19:02:42 cu-cs-vm dbus[689]: [system] Activating service name='org.freedesktop.RealtimeKit1' (using servicehelper)
Jan 21 19:02:42 cu-cs-vm dbus[689]: [system] Successfully activated service 'org.freedesktop.RealtimeKit1'
Jan 21 19:02:42 cu-cs-vm rtkit-daemon[1861]: Successfully called chroot.
Jan 21 19:02:42 cu-cs-vm rtkit-daemon[1861]: Successfully dropped privileges.
Jan 21 19:02:42 cu-cs-vm rtkit-daemon[1861]: Successfully limited resources.
Jan 21 19:02:42 cu-cs-vm rtkit-daemon[1861]: Running.
Jan 21 19:02:42 cu-cs-vm rtkit-daemon[1861]: Canary thread running.
Jan 21 19:02:42 cu-cs-vm rtkit-daemon[1861]: Watchdog thread running.
Jan 21 19:02:42 cu-cs-vm rtkit-daemon[1861]: Successfully made thread 1858 of process 1858 (n/a) owned by '1000' high priority at nice level -11.
Jan 21 19:02:42 cu-cs-vm rtkit-daemon[1861]: Supervising 1 threads of 1 processes of 1 users.
Jan 21 19:02:43 cu-cs-vm pulseaudio[1858]: [pulseaudio] alsa-util.c: Disabling timer-based scheduling because running inside a VM.
Jan 21 19:02:43 cu-cs-vm rtkit-daemon[1861]: Successfully made thread 1866 of process 1858 (n/a) owned by '1000' RT at priority 5.
Jan 21 19:02:43 cu-cs-vm rtkit-daemon[1861]: Supervising 2 threads of 1 processes of 1 users.
Jan 21 19:02:43 cu-cs-vm pulseaudio[1858]: [alsa-sink-Intel ICH] alsa-sink.c: ALSA woke us up to write new data to the device, but there was actually nothing to write!
Jan 21 19:02:43 cu-cs-vm pulseaudio[1858]: [alsa-sink-Intel ICH] alsa-sink.c: Most likely this is a bug in the ALSA driver 'snd_intel8x0'. Please report this issue to the ALSA developers.
Jan 21 19:02:43 cu-cs-vm pulseaudio[1858]: [alsa-sink-Intel ICH] alsa-sink.c: We were woken up with POLLOUT set -- however a subsequent snd_pcm_avail() returned 0 or another value < min_avail.
Jan 21 19:02:43 cu-cs-vm pulseaudio[1858]: [pulseaudio] alsa-util.c: Disabling timer-based scheduling because running inside a VM.
Jan 21 19:02:43 cu-cs-vm rtkit-daemon[1861]: Successfully made thread 1867 of process 1858 (n/a) owned by '1000' RT at priority 5.
Jan 21 19:02:43 cu-cs-vm rtkit-daemon[1861]: Supervising 3 threads of 1 processes of 1 users.
Jan 21 19:02:43 cu-cs-vm rtkit-daemon[1861]: Successfully made thread 1870 of process 1870 (n/a) owned by '1000' high priority at nice level -11.
Jan 21 19:02:43 cu-cs-vm rtkit-daemon[1861]: Supervising 4 threads of 2 processes of 1 users.
Jan 21 19:02:43 cu-cs-vm pulseaudio[1870]: [pulseaudio] pid.c: Daemon already running.
Jan 21 19:02:43 cu-cs-vm dbus[689]: [system] Activating service name='org.blueman.Mechanism' (using servicehelper)
Jan 21 19:02:43 cu-cs-vm blueman-mechanism: Starting blueman-mechanism 
Jan 21 19:02:43 cu-cs-vm dbus[689]: [system] Successfully activated service 'org.blueman.Mechanism'
Jan 21 19:02:43 cu-cs-vm blueman-mechanism: loading Config 
Jan 21 19:02:43 cu-cs-vm blueman-mechanism: loading Network 
Jan 21 19:02:43 cu-cs-vm blueman-mechanism: loading Ppp 
Jan 21 19:02:43 cu-cs-vm blueman-mechanism: loading RfKill 
Jan 21 19:02:45 cu-cs-vm ntpdate[1462]: step time server 74.117.214.2 offset 1.451513 sec
Jan 21 19:02:45 cu-cs-vm ntpd[2067]: ntpd 4.2.6p5@1.2349-o Sat Dec 20 11:47:14 UTC 2014 (1)
Jan 21 19:02:45 cu-cs-vm ntpd[2068]: proto: precision = 3.073 usec
Jan 21 19:02:45 cu-cs-vm ntpd[2068]: ntp_io: estimated max descriptors: 1024, initial socket boundary: 16
Jan 21 19:02:45 cu-cs-vm ntpd[2068]: Listen and drop on 0 v4wildcard 0.0.0.0 UDP 123
Jan 21 19:02:45 cu-cs-vm ntpd[2068]: Listen and drop on 1 v6wildcard :: UDP 123
Jan 21 19:02:45 cu-cs-vm ntpd[2068]: Listen normally on 2 lo 127.0.0.1 UDP 123
Jan 21 19:02:45 cu-cs-vm ntpd[2068]: Listen normally on 3 eth0 10.0.2.15 UDP 123
Jan 21 19:02:45 cu-cs-vm ntpd[2068]: Listen normally on 4 lo ::1 UDP 123
Jan 21 19:02:45 cu-cs-vm ntpd[2068]: Listen normally on 5 eth0 fe80::a00:27ff:fe35:fd62 UDP 123
Jan 21 19:02:45 cu-cs-vm ntpd[2068]: peers refreshed
Jan 21 19:02:45 cu-cs-vm ntpd[2068]: Listening on routing socket on fd #22 for interface updates
Jan 21 19:02:46 cu-cs-vm NetworkManager[1204]: <info> (eth0): IP6 addrconf timed out or failed.
Jan 21 19:02:46 cu-cs-vm NetworkManager[1204]: <info> Activation (eth0) Stage 4 of 5 (IPv6 Configure Timeout) scheduled...
Jan 21 19:02:46 cu-cs-vm NetworkManager[1204]: <info> Activation (eth0) Stage 4 of 5 (IPv6 Configure Timeout) started...
Jan 21 19:02:46 cu-cs-vm NetworkManager[1204]: <info> Activation (eth0) Stage 4 of 5 (IPv6 Configure Timeout) complete.
Jan 21 19:02:48 cu-cs-vm dbus[689]: [system] Activating service name='org.freedesktop.UDisks2' (using servicehelper)
Jan 21 19:02:48 cu-cs-vm udisksd[2129]: udisks daemon version 2.1.3 starting
Jan 21 19:02:48 cu-cs-vm dbus[689]: [system] Successfully activated service 'org.freedesktop.UDisks2'
Jan 21 19:02:48 cu-cs-vm udisksd[2129]: Acquired the name org.freedesktop.UDisks2 on the system message bus
Jan 21 19:02:51 cu-cs-vm kernel: [   99.373665] audit_printk_skb: 90 callbacks suppressed
Jan 21 19:02:51 cu-cs-vm kernel: [   99.373671] type=1400 audit(1421892171.602:56): apparmor="STATUS" operation="profile_replace" profile="unconfined" name="/usr/lib/cups/backend/cups-pdf" pid=2224 comm="apparmor_parser"
Jan 21 19:02:51 cu-cs-vm kernel: [   99.373678] type=1400 audit(1421892171.602:57): apparmor="STATUS" operation="profile_replace" profile="unconfined" name="/usr/sbin/cupsd" pid=2224 comm="apparmor_parser"
Jan 21 19:02:51 cu-cs-vm kernel: [   99.373913] type=1400 audit(1421892171.602:58): apparmor="STATUS" operation="profile_replace" profile="unconfined" name="/usr/sbin/cupsd" pid=2224 comm="apparmor_parser"
Jan 21 19:03:14 cu-cs-vm blueman-mechanism: Exiting 
Jan 21 19:08:27 cu-cs-vm dbus[689]: [system] Activating service name='org.freedesktop.hostname1' (using servicehelper)
Jan 21 19:08:27 cu-cs-vm kernel: [  435.319901] systemd-hostnamed[2324]: Warning: nss-myhostname is not installed. Changing the local hostname might make it unresolveable. Please install nss-myhostname!
Jan 21 19:08:27 cu-cs-vm dbus[689]: [system] Successfully activated service 'org.freedesktop.hostname1'
Jan 21 19:12:28 cu-cs-vm uptimed: moving up to position 9: 0 days, 00:11:17
Jan 21 19:13:45 cu-cs-vm rsyslogd: [origin software="rsyslogd" swVersion="7.4.4" x-pid="725" x-info="http://www.rsyslog.com"] exiting on signal 15.
Jan 21 19:14:03 cu-cs-vm rsyslogd: [origin software="rsyslogd" swVersion="7.4.4" x-pid="633" x-info="http://www.rsyslog.com"] start
Jan 21 19:14:03 cu-cs-vm rsyslogd: rsyslogd's groupid changed to 104
Jan 21 19:14:03 cu-cs-vm rsyslogd: rsyslogd's userid changed to 101
Jan 21 19:14:03 cu-cs-vm kernel: [    0.000000] Initializing cgroup subsys cpuset
Jan 21 19:14:03 cu-cs-vm kernel: [    0.000000] Initializing cgroup subsys cpu
Jan 21 19:14:03 cu-cs-vm kernel: [    0.000000] Initializing cgroup subsys cpuacct
Jan 21 19:14:03 cu-cs-vm kernel: [    0.000000] Linux version 3.13.11-ckt13revision2 (root@cu-cs-vm) (gcc version 4.8.2 (Ubuntu 4.8.2-19ubuntu1) ) #1 SMP Wed Jan 21 09:30:44 MST 2015 (Ubuntu 3.13.0-44.73-generic 3.13.11-ckt12)
Jan 21 19:14:03 cu-cs-vm kernel: [    0.000000] Command line: BOOT_IMAGE=/@/boot/vmlinuz-3.13.11-ckt13revision2 root=UUID=4d4d4956-efb6-4c5c-9455-e11d9e4726c6 ro rootflags=subvol=@ crashkernel=384M-:128M
Jan 21 19:14:03 cu-cs-vm kernel: [    0.000000] KERNEL supported cpus:
Jan 21 19:14:03 cu-cs-vm kernel: [    0.000000]   Intel GenuineIntel
Jan 21 19:14:03 cu-cs-vm kernel: [    0.000000]   AMD AuthenticAMD
Jan 21 19:14:03 cu-cs-vm kernel: [    0.000000]   Centaur CentaurHauls
Jan 21 19:14:03 cu-cs-vm kernel: [    0.000000] e820: BIOS-provided physical RAM map:
Jan 21 19:14:03 cu-cs-vm kernel: [    0.000000] BIOS-e820: [mem 0x0000000000000000-0x000000000009fbff] usable
Jan 21 19:14:03 cu-cs-vm kernel: [    0.000000] BIOS-e820: [mem 0x000000000009fc00-0x000000000009ffff] reserved
Jan 21 19:14:03 cu-cs-vm kernel: [    0.000000] BIOS-e820: [mem 0x00000000000f0000-0x00000000000fffff] reserved
Jan 21 19:14:03 cu-cs-vm kernel: [    0.000000] BIOS-e820: [mem 0x0000000000100000-0x00000000dbfeffff] usable
Jan 21 19:14:03 cu-cs-vm kernel: [    0.000000] BIOS-e820: [mem 0x00000000dbff0000-0x00000000dbffffff] ACPI data
Jan 21 19:14:03 cu-cs-vm kernel: [    0.000000] BIOS-e820: [mem 0x00000000fffc0000-0x00000000ffffffff] reserved
Jan 21 19:14:03 cu-cs-vm kernel: [    0.000000] BIOS-e820: [mem 0x0000000100000000-0x0000000223ffffff] usable
Jan 21 19:14:03 cu-cs-vm kernel: [    0.000000] NX (Execute Disable) protection: active
Jan 21 19:14:03 cu-cs-vm kernel: [    0.000000] SMBIOS 2.5 present.
Jan 21 19:14:03 cu-cs-vm kernel: [    0.000000] DMI: innotek GmbH VirtualBox/VirtualBox, BIOS VirtualBox 12/01/2006
Jan 21 19:14:03 cu-cs-vm kernel: [    0.000000] e820: update [mem 0x00000000-0x00000fff] usable ==> reserved
Jan 21 19:14:03 cu-cs-vm kernel: [    0.000000] e820: remove [mem 0x000a0000-0x000fffff] usable
Jan 21 19:14:03 cu-cs-vm kernel: [    0.000000] No AGP bridge found
Jan 21 19:14:03 cu-cs-vm kernel: [    0.000000] e820: last_pfn = 0x224000 max_arch_pfn = 0x400000000
Jan 21 19:14:03 cu-cs-vm kernel: [    0.000000] MTRR default type: uncachable
Jan 21 19:14:03 cu-cs-vm kernel: [    0.000000] MTRR variable ranges disabled:
Jan 21 19:14:03 cu-cs-vm kernel: [    0.000000] x86 PAT enabled: cpu 0, old 0x7040600070406, new 0x7010600070106
Jan 21 19:14:03 cu-cs-vm kernel: [    0.000000] CPU MTRRs all blank - virtualized system.
Jan 21 19:14:03 cu-cs-vm kernel: [    0.000000] e820: last_pfn = 0xdbff0 max_arch_pfn = 0x400000000
Jan 21 19:14:03 cu-cs-vm kernel: [    0.000000] found SMP MP-table at [mem 0x0009fff0-0x0009ffff] mapped at [ffff88000009fff0]
Jan 21 19:14:03 cu-cs-vm kernel: [    0.000000] Scanning 1 areas for low memory corruption
Jan 21 19:14:03 cu-cs-vm kernel: [    0.000000] Base memory trampoline at [ffff880000099000] 99000 size 24576
Jan 21 19:14:03 cu-cs-vm kernel: [    0.000000] init_memory_mapping: [mem 0x00000000-0x000fffff]
Jan 21 19:14:03 cu-cs-vm kernel: [    0.000000]  [mem 0x00000000-0x000fffff] page 4k
Jan 21 19:14:03 cu-cs-vm kernel: [    0.000000] BRK [0x01fdb000, 0x01fdbfff] PGTABLE
Jan 21 19:14:03 cu-cs-vm kernel: [    0.000000] BRK [0x01fdc000, 0x01fdcfff] PGTABLE
Jan 21 19:14:03 cu-cs-vm kernel: [    0.000000] BRK [0x01fdd000, 0x01fddfff] PGTABLE
Jan 21 19:14:03 cu-cs-vm kernel: [    0.000000] init_memory_mapping: [mem 0x223e00000-0x223ffffff]
Jan 21 19:14:03 cu-cs-vm kernel: [    0.000000]  [mem 0x223e00000-0x223ffffff] page 2M
Jan 21 19:14:03 cu-cs-vm kernel: [    0.000000] BRK [0x01fde000, 0x01fdefff] PGTABLE
Jan 21 19:14:03 cu-cs-vm kernel: [    0.000000] init_memory_mapping: [mem 0x220000000-0x223dfffff]
Jan 21 19:14:03 cu-cs-vm kernel: [    0.000000]  [mem 0x220000000-0x223dfffff] page 2M
Jan 21 19:14:03 cu-cs-vm kernel: [    0.000000] init_memory_mapping: [mem 0x200000000-0x21fffffff]
Jan 21 19:14:03 cu-cs-vm kernel: [    0.000000]  [mem 0x200000000-0x21fffffff] page 2M
Jan 21 19:14:03 cu-cs-vm kernel: [    0.000000] init_memory_mapping: [mem 0x00100000-0xdbfeffff]
Jan 21 19:14:03 cu-cs-vm kernel: [    0.000000]  [mem 0x00100000-0x001fffff] page 4k
Jan 21 19:14:03 cu-cs-vm kernel: [    0.000000]  [mem 0x00200000-0xdbdfffff] page 2M
Jan 21 19:14:03 cu-cs-vm kernel: [    0.000000]  [mem 0xdbe00000-0xdbfeffff] page 4k
Jan 21 19:14:03 cu-cs-vm kernel: [    0.000000] init_memory_mapping: [mem 0x100000000-0x1ffffffff]
Jan 21 19:14:03 cu-cs-vm kernel: [    0.000000]  [mem 0x100000000-0x1ffffffff] page 2M
Jan 21 19:14:03 cu-cs-vm kernel: [    0.000000] BRK [0x01fdf000, 0x01fdffff] PGTABLE
Jan 21 19:14:03 cu-cs-vm kernel: [    0.000000] BRK [0x01fe0000, 0x01fe0fff] PGTABLE
Jan 21 19:14:03 cu-cs-vm kernel: [    0.000000] RAMDISK: [mem 0x36bf2000-0x375f0fff]
Jan 21 19:14:03 cu-cs-vm kernel: [    0.000000] ACPI: RSDP 00000000000e0000 000024 (v02 VBOX  )
Jan 21 19:14:03 cu-cs-vm kernel: [    0.000000] ACPI: XSDT 00000000dbff0040 00004C (v01 VBOX   VBOXXSDT 00000001 ASL  00000061)
Jan 21 19:14:03 cu-cs-vm kernel: [    0.000000] ACPI: FACP 00000000dbff0110 0000F4 (v04 VBOX   VBOXFACP 00000001 ASL  00000061)
Jan 21 19:14:03 cu-cs-vm kernel: [    0.000000] ACPI: DSDT 00000000dbff0540 001B96 (v01 VBOX   VBOXBIOS 00000002 INTL 20100528)
Jan 21 19:14:03 cu-cs-vm kernel: [    0.000000] ACPI: FACS 00000000dbff0240 000040
Jan 21 19:14:03 cu-cs-vm kernel: [    0.000000] ACPI: APIC 00000000dbff0280 00006C (v02 VBOX   VBOXAPIC 00000001 ASL  00000061)
Jan 21 19:14:03 cu-cs-vm kernel: [    0.000000] ACPI: HPET 00000000dbff02f0 000038 (v01 VBOX   VBOXHPET 00000001 ASL  00000061)
Jan 21 19:14:03 cu-cs-vm kernel: [    0.000000] ACPI: MCFG 00000000dbff0330 00003C (v01 VBOX   VBOXMCFG 00000001 ASL  00000061)
Jan 21 19:14:03 cu-cs-vm kernel: [    0.000000] ACPI: SSDT 00000000dbff0370 0001CC (v01 VBOX   VBOXCPUT 00000002 INTL 20100528)
Jan 21 19:14:03 cu-cs-vm kernel: [    0.000000] ACPI: Local APIC address 0xfee00000
Jan 21 19:14:03 cu-cs-vm kernel: [    0.000000] No NUMA configuration found
Jan 21 19:14:03 cu-cs-vm kernel: [    0.000000] Faking a node at [mem 0x0000000000000000-0x0000000223ffffff]
Jan 21 19:14:03 cu-cs-vm kernel: [    0.000000] Initmem setup node 0 [mem 0x00000000-0x223ffffff]
Jan 21 19:14:03 cu-cs-vm kernel: [    0.000000]   NODE_DATA [mem 0x223ff5000-0x223ff9fff]
Jan 21 19:14:03 cu-cs-vm kernel: [    0.000000] Reserving 128MB of memory at 736MB for crashkernel (System RAM: 8191MB)
Jan 21 19:14:03 cu-cs-vm kernel: [    0.000000]  [ffffea0000000000-ffffea00089fffff] PMD -> [ffff88021b400000-ffff8802235fffff] on node 0
Jan 21 19:14:03 cu-cs-vm kernel: [    0.000000] Zone ranges:
Jan 21 19:14:03 cu-cs-vm kernel: [    0.000000]   DMA      [mem 0x00001000-0x00ffffff]
Jan 21 19:14:03 cu-cs-vm kernel: [    0.000000]   DMA32    [mem 0x01000000-0xffffffff]
Jan 21 19:14:03 cu-cs-vm kernel: [    0.000000]   Normal   [mem 0x100000000-0x223ffffff]
Jan 21 19:14:03 cu-cs-vm kernel: [    0.000000] Movable zone start for each node
Jan 21 19:14:03 cu-cs-vm kernel: [    0.000000] Early memory node ranges
Jan 21 19:14:03 cu-cs-vm kernel: [    0.000000]   node   0: [mem 0x00001000-0x0009efff]
Jan 21 19:14:03 cu-cs-vm kernel: [    0.000000]   node   0: [mem 0x00100000-0xdbfeffff]
Jan 21 19:14:03 cu-cs-vm kernel: [    0.000000]   node   0: [mem 0x100000000-0x223ffffff]
Jan 21 19:14:03 cu-cs-vm kernel: [    0.000000] On node 0 totalpages: 2097038
Jan 21 19:14:03 cu-cs-vm kernel: [    0.000000]   DMA zone: 64 pages used for memmap
Jan 21 19:14:03 cu-cs-vm kernel: [    0.000000]   DMA zone: 21 pages reserved
Jan 21 19:14:03 cu-cs-vm kernel: [    0.000000]   DMA zone: 3998 pages, LIFO batch:0
Jan 21 19:14:03 cu-cs-vm kernel: [    0.000000]   DMA32 zone: 14016 pages used for memmap
Jan 21 19:14:03 cu-cs-vm kernel: [    0.000000]   DMA32 zone: 897008 pages, LIFO batch:31
Jan 21 19:14:03 cu-cs-vm kernel: [    0.000000]   Normal zone: 18688 pages used for memmap
Jan 21 19:14:03 cu-cs-vm kernel: [    0.000000]   Normal zone: 1196032 pages, LIFO batch:31
Jan 21 19:14:03 cu-cs-vm kernel: [    0.000000] ACPI: PM-Timer IO Port: 0x4008
Jan 21 19:14:03 cu-cs-vm kernel: [    0.000000] ACPI: Local APIC address 0xfee00000
Jan 21 19:14:03 cu-cs-vm kernel: [    0.000000] ACPI: LAPIC (acpi_id[0x00] lapic_id[0x00] enabled)
Jan 21 19:14:03 cu-cs-vm kernel: [    0.000000] ACPI: LAPIC (acpi_id[0x01] lapic_id[0x01] enabled)
Jan 21 19:14:03 cu-cs-vm kernel: [    0.000000] ACPI: LAPIC (acpi_id[0x02] lapic_id[0x02] enabled)
Jan 21 19:14:03 cu-cs-vm kernel: [    0.000000] ACPI: LAPIC (acpi_id[0x03] lapic_id[0x03] enabled)
Jan 21 19:14:03 cu-cs-vm kernel: [    0.000000] ACPI: IOAPIC (id[0x04] address[0xfec00000] gsi_base[0])
Jan 21 19:14:03 cu-cs-vm kernel: [    0.000000] IOAPIC[0]: apic_id 4, version 17, address 0xfec00000, GSI 0-23
Jan 21 19:14:03 cu-cs-vm kernel: [    0.000000] ACPI: INT_SRC_OVR (bus 0 bus_irq 0 global_irq 2 dfl dfl)
Jan 21 19:14:03 cu-cs-vm kernel: [    0.000000] ACPI: INT_SRC_OVR (bus 0 bus_irq 9 global_irq 9 high level)
Jan 21 19:14:03 cu-cs-vm kernel: [    0.000000] ACPI: IRQ0 used by override.
Jan 21 19:14:03 cu-cs-vm kernel: [    0.000000] ACPI: IRQ2 used by override.
Jan 21 19:14:03 cu-cs-vm kernel: [    0.000000] ACPI: IRQ9 used by override.
Jan 21 19:14:03 cu-cs-vm kernel: [    0.000000] Using ACPI (MADT) for SMP configuration information
Jan 21 19:14:03 cu-cs-vm kernel: [    0.000000] ACPI: HPET id: 0x8086a201 base: 0xfed00000
Jan 21 19:14:03 cu-cs-vm kernel: [    0.000000] smpboot: Allowing 4 CPUs, 0 hotplug CPUs
Jan 21 19:14:03 cu-cs-vm kernel: [    0.000000] nr_irqs_gsi: 40
Jan 21 19:14:03 cu-cs-vm kernel: [    0.000000] PM: Registered nosave memory: [mem 0x0009f000-0x0009ffff]
Jan 21 19:14:03 cu-cs-vm kernel: [    0.000000] PM: Registered nosave memory: [mem 0x000a0000-0x000effff]
Jan 21 19:14:03 cu-cs-vm kernel: [    0.000000] PM: Registered nosave memory: [mem 0x000f0000-0x000fffff]
Jan 21 19:14:03 cu-cs-vm kernel: [    0.000000] PM: Registered nosave memory: [mem 0xdbff0000-0xdbffffff]
Jan 21 19:14:03 cu-cs-vm kernel: [    0.000000] PM: Registered nosave memory: [mem 0xdc000000-0xfffbffff]
Jan 21 19:14:03 cu-cs-vm kernel: [    0.000000] PM: Registered nosave memory: [mem 0xfffc0000-0xffffffff]
Jan 21 19:14:03 cu-cs-vm kernel: [    0.000000] e820: [mem 0xdc000000-0xfffbffff] available for PCI devices
Jan 21 19:14:03 cu-cs-vm kernel: [    0.000000] Booting paravirtualized kernel on bare hardware
Jan 21 19:14:03 cu-cs-vm kernel: [    0.000000] setup_percpu: NR_CPUS:256 nr_cpumask_bits:256 nr_cpu_ids:4 nr_node_ids:1
Jan 21 19:14:03 cu-cs-vm kernel: [    0.000000] PERCPU: Embedded 28 pages/cpu @ffff880223c00000 s82304 r8192 d24192 u524288
Jan 21 19:14:03 cu-cs-vm kernel: [    0.000000] pcpu-alloc: s82304 r8192 d24192 u524288 alloc=1*2097152
Jan 21 19:14:03 cu-cs-vm kernel: [    0.000000] pcpu-alloc: [0] 0 1 2 3 
Jan 21 19:14:03 cu-cs-vm kernel: [    0.000000] Built 1 zonelists in Zone order, mobility grouping on.  Total pages: 2064249
Jan 21 19:14:03 cu-cs-vm kernel: [    0.000000] Policy zone: Normal
Jan 21 19:14:03 cu-cs-vm kernel: [    0.000000] Kernel command line: BOOT_IMAGE=/@/boot/vmlinuz-3.13.11-ckt13revision2 root=UUID=4d4d4956-efb6-4c5c-9455-e11d9e4726c6 ro rootflags=subvol=@ crashkernel=384M-:128M
Jan 21 19:14:03 cu-cs-vm kernel: [    0.000000] PID hash table entries: 4096 (order: 3, 32768 bytes)
Jan 21 19:14:03 cu-cs-vm kernel: [    0.000000] Checking aperture...
Jan 21 19:14:03 cu-cs-vm kernel: [    0.000000] No AGP bridge found
Jan 21 19:14:03 cu-cs-vm kernel: [    0.000000] Calgary: detecting Calgary via BIOS EBDA area
Jan 21 19:14:03 cu-cs-vm kernel: [    0.000000] Calgary: Unable to locate Rio Grande table in EBDA - bailing!
Jan 21 19:14:03 cu-cs-vm kernel: [    0.000000] Memory: 8030588K/8388152K available (7235K kernel code, 1129K rwdata, 3300K rodata, 1332K init, 1444K bss, 357564K reserved)
Jan 21 19:14:03 cu-cs-vm kernel: [    0.000000] SLUB: HWalign=64, Order=0-3, MinObjects=0, CPUs=4, Nodes=1
Jan 21 19:14:03 cu-cs-vm kernel: [    0.000000] Hierarchical RCU implementation.
Jan 21 19:14:03 cu-cs-vm kernel: [    0.000000] 	RCU dyntick-idle grace-period acceleration is enabled.
Jan 21 19:14:03 cu-cs-vm kernel: [    0.000000] 	RCU restricting CPUs from NR_CPUS=256 to nr_cpu_ids=4.
Jan 21 19:14:03 cu-cs-vm kernel: [    0.000000] 	Offload RCU callbacks from all CPUs
Jan 21 19:14:03 cu-cs-vm kernel: [    0.000000] 	Offload RCU callbacks from CPUs: 0-3.
Jan 21 19:14:03 cu-cs-vm kernel: [    0.000000] NR_IRQS:16640 nr_irqs:712 16
Jan 21 19:14:03 cu-cs-vm kernel: [    0.000000] Console: colour dummy device 80x25
Jan 21 19:14:03 cu-cs-vm kernel: [    0.000000] console [tty0] enabled
Jan 21 19:14:03 cu-cs-vm kernel: [    0.000000] allocated 34078720 bytes of page_cgroup
Jan 21 19:14:03 cu-cs-vm kernel: [    0.000000] please try 'cgroup_disable=memory' option if you don't want memory cgroups
Jan 21 19:14:03 cu-cs-vm kernel: [    0.000000] hpet clockevent registered
Jan 21 19:14:03 cu-cs-vm kernel: [    0.000000] tsc: Fast TSC calibration failed
Jan 21 19:14:03 cu-cs-vm kernel: [    0.000000] tsc: PIT calibration matches HPET. 1 loops
Jan 21 19:14:03 cu-cs-vm kernel: [    0.000000] tsc: Detected 2307.298 MHz processor
Jan 21 19:14:03 cu-cs-vm kernel: [    0.008010] Calibrating delay loop (skipped), value calculated using timer frequency.. 4614.59 BogoMIPS (lpj=9229192)
Jan 21 19:14:03 cu-cs-vm kernel: [    0.008016] pid_max: default: 32768 minimum: 301
Jan 21 19:14:03 cu-cs-vm kernel: [    0.008042] Security Framework initialized
Jan 21 19:14:03 cu-cs-vm kernel: [    0.008061] AppArmor: AppArmor initialized
Jan 21 19:14:03 cu-cs-vm kernel: [    0.008064] Yama: becoming mindful.
Jan 21 19:14:03 cu-cs-vm kernel: [    0.008170] Dentry cache hash table entries: 1048576 (order: 11, 8388608 bytes)
Jan 21 19:14:03 cu-cs-vm kernel: [    0.013905] Inode-cache hash table entries: 524288 (order: 10, 4194304 bytes)
Jan 21 19:14:03 cu-cs-vm kernel: [    0.014561] Mount-cache hash table entries: 16384 (order: 5, 131072 bytes)
Jan 21 19:14:03 cu-cs-vm kernel: [    0.014572] Mountpoint-cache hash table entries: 16384 (order: 5, 131072 bytes)
Jan 21 19:14:03 cu-cs-vm kernel: [    0.014739] Initializing cgroup subsys memory
Jan 21 19:14:03 cu-cs-vm kernel: [    0.014746] Initializing cgroup subsys devices
Jan 21 19:14:03 cu-cs-vm kernel: [    0.014750] Initializing cgroup subsys freezer
Jan 21 19:14:03 cu-cs-vm kernel: [    0.014754] Initializing cgroup subsys blkio
Jan 21 19:14:03 cu-cs-vm kernel: [    0.014758] Initializing cgroup subsys perf_event
Jan 21 19:14:03 cu-cs-vm kernel: [    0.014763] Initializing cgroup subsys hugetlb
Jan 21 19:14:03 cu-cs-vm kernel: [    0.014861] CPU: Physical Processor ID: 0
Jan 21 19:14:03 cu-cs-vm kernel: [    0.014864] CPU: Processor Core ID: 0
Jan 21 19:14:03 cu-cs-vm kernel: [    0.014870] mce: CPU supports 0 MCE banks
Jan 21 19:14:03 cu-cs-vm kernel: [    0.014902] Last level iTLB entries: 4KB 0, 2MB 0, 4MB 0
Jan 21 19:14:03 cu-cs-vm kernel: [    0.014902] Last level dTLB entries: 4KB 64, 2MB 0, 4MB 0
Jan 21 19:14:03 cu-cs-vm kernel: [    0.014902] tlb_flushall_shift: 6
Jan 21 19:14:03 cu-cs-vm kernel: [    0.015078] Freeing SMP alternatives memory: 28K (ffffffff81e69000 - ffffffff81e70000)
Jan 21 19:14:03 cu-cs-vm kernel: [    0.022493] ACPI: Core revision 20131115
Jan 21 19:14:03 cu-cs-vm kernel: [    0.023100] ACPI: All ACPI Tables successfully acquired
Jan 21 19:14:03 cu-cs-vm kernel: [    0.023134] ftrace: allocating 27967 entries in 110 pages
Jan 21 19:14:03 cu-cs-vm kernel: [    0.032344] ..TIMER: vector=0x30 apic1=0 pin1=2 apic2=-1 pin2=-1
Jan 21 19:14:03 cu-cs-vm kernel: [    0.075427] smpboot: CPU0: Intel(R) Core(TM) i7-4700MQ CPU @ 2.40GHz (fam: 06, model: 3c, stepping: 03)
Jan 21 19:14:03 cu-cs-vm kernel: [    0.076000] APIC calibration not consistent with PM-Timer: 97ms instead of 100ms
Jan 21 19:14:03 cu-cs-vm kernel: [    0.076000] APIC delta adjusted to PM-Timer: 6230764 (6104863)
Jan 21 19:14:03 cu-cs-vm kernel: [    0.076000] Performance Events: unsupported p6 CPU model 60 no PMU driver, software events only.
Jan 21 19:14:03 cu-cs-vm kernel: [    0.076000] x86: Booting SMP configuration:
Jan 21 19:14:03 cu-cs-vm kernel: [    0.085374] NMI watchdog: disabled (cpu0): hardware events not enabled
Jan 21 19:14:03 cu-cs-vm kernel: [    0.076000] mce: CPU supports 0 MCE banks
Jan 21 19:14:03 cu-cs-vm kernel: [    0.076000] .... node  #0, CPUs:      #1
Jan 21 19:14:03 cu-cs-vm kernel: [    0.087532] TSC synchronization [CPU#0 -> CPU#1]:
